Archive member included because of file (symbol)

c:/davev4/dave-4.3.2/eclipse/arm-gcc-49/bin/../lib/gcc/arm-none-eabi/4.9.3/../../../../arm-none-eabi/lib/armv7e-m/softfp\libm.a(lib_a-wf_asin.o)
                              ./_Quadrocopter/Sensors/MPU9X50/MPU9250.o (asinf)
c:/davev4/dave-4.3.2/eclipse/arm-gcc-49/bin/../lib/gcc/arm-none-eabi/4.9.3/../../../../arm-none-eabi/lib/armv7e-m/softfp\libm.a(lib_a-wf_atan2.o)
                              ./_Quadrocopter/Sensors/MPU9X50/MPU9250.o (atan2f)
c:/davev4/dave-4.3.2/eclipse/arm-gcc-49/bin/../lib/gcc/arm-none-eabi/4.9.3/../../../../arm-none-eabi/lib/armv7e-m/softfp\libm.a(lib_a-wf_pow.o)
                              ./_Quadrocopter/Sensors/MPU9X50/MPU9250.o (powf)
c:/davev4/dave-4.3.2/eclipse/arm-gcc-49/bin/../lib/gcc/arm-none-eabi/4.9.3/../../../../arm-none-eabi/lib/armv7e-m/softfp\libm.a(lib_a-wf_sqrt.o)
                              ./_Quadrocopter/Sensors/MPU9X50/Filter/QuaternionFilters.o (sqrtf)
c:/davev4/dave-4.3.2/eclipse/arm-gcc-49/bin/../lib/gcc/arm-none-eabi/4.9.3/../../../../arm-none-eabi/lib/armv7e-m/softfp\libm.a(lib_a-ef_asin.o)
                              c:/davev4/dave-4.3.2/eclipse/arm-gcc-49/bin/../lib/gcc/arm-none-eabi/4.9.3/../../../../arm-none-eabi/lib/armv7e-m/softfp\libm.a(lib_a-wf_asin.o) (__ieee754_asinf)
c:/davev4/dave-4.3.2/eclipse/arm-gcc-49/bin/../lib/gcc/arm-none-eabi/4.9.3/../../../../arm-none-eabi/lib/armv7e-m/softfp\libm.a(lib_a-ef_atan2.o)
                              c:/davev4/dave-4.3.2/eclipse/arm-gcc-49/bin/../lib/gcc/arm-none-eabi/4.9.3/../../../../arm-none-eabi/lib/armv7e-m/softfp\libm.a(lib_a-wf_atan2.o) (__ieee754_atan2f)
c:/davev4/dave-4.3.2/eclipse/arm-gcc-49/bin/../lib/gcc/arm-none-eabi/4.9.3/../../../../arm-none-eabi/lib/armv7e-m/softfp\libm.a(lib_a-ef_pow.o)
                              c:/davev4/dave-4.3.2/eclipse/arm-gcc-49/bin/../lib/gcc/arm-none-eabi/4.9.3/../../../../arm-none-eabi/lib/armv7e-m/softfp\libm.a(lib_a-wf_pow.o) (__ieee754_powf)
c:/davev4/dave-4.3.2/eclipse/arm-gcc-49/bin/../lib/gcc/arm-none-eabi/4.9.3/../../../../arm-none-eabi/lib/armv7e-m/softfp\libm.a(lib_a-ef_sqrt.o)
                              c:/davev4/dave-4.3.2/eclipse/arm-gcc-49/bin/../lib/gcc/arm-none-eabi/4.9.3/../../../../arm-none-eabi/lib/armv7e-m/softfp\libm.a(lib_a-wf_sqrt.o) (__ieee754_sqrtf)
c:/davev4/dave-4.3.2/eclipse/arm-gcc-49/bin/../lib/gcc/arm-none-eabi/4.9.3/../../../../arm-none-eabi/lib/armv7e-m/softfp\libm.a(lib_a-s_lib_ver.o)
                              c:/davev4/dave-4.3.2/eclipse/arm-gcc-49/bin/../lib/gcc/arm-none-eabi/4.9.3/../../../../arm-none-eabi/lib/armv7e-m/softfp\libm.a(lib_a-wf_asin.o) (__fdlib_version)
c:/davev4/dave-4.3.2/eclipse/arm-gcc-49/bin/../lib/gcc/arm-none-eabi/4.9.3/../../../../arm-none-eabi/lib/armv7e-m/softfp\libm.a(lib_a-s_matherr.o)
                              c:/davev4/dave-4.3.2/eclipse/arm-gcc-49/bin/../lib/gcc/arm-none-eabi/4.9.3/../../../../arm-none-eabi/lib/armv7e-m/softfp\libm.a(lib_a-wf_asin.o) (matherr)
c:/davev4/dave-4.3.2/eclipse/arm-gcc-49/bin/../lib/gcc/arm-none-eabi/4.9.3/../../../../arm-none-eabi/lib/armv7e-m/softfp\libm.a(lib_a-s_nan.o)
                              c:/davev4/dave-4.3.2/eclipse/arm-gcc-49/bin/../lib/gcc/arm-none-eabi/4.9.3/../../../../arm-none-eabi/lib/armv7e-m/softfp\libm.a(lib_a-wf_asin.o) (nan)
c:/davev4/dave-4.3.2/eclipse/arm-gcc-49/bin/../lib/gcc/arm-none-eabi/4.9.3/../../../../arm-none-eabi/lib/armv7e-m/softfp\libm.a(lib_a-s_rint.o)
                              c:/davev4/dave-4.3.2/eclipse/arm-gcc-49/bin/../lib/gcc/arm-none-eabi/4.9.3/../../../../arm-none-eabi/lib/armv7e-m/softfp\libm.a(lib_a-wf_pow.o) (rint)
c:/davev4/dave-4.3.2/eclipse/arm-gcc-49/bin/../lib/gcc/arm-none-eabi/4.9.3/../../../../arm-none-eabi/lib/armv7e-m/softfp\libm.a(lib_a-sf_atan.o)
                              c:/davev4/dave-4.3.2/eclipse/arm-gcc-49/bin/../lib/gcc/arm-none-eabi/4.9.3/../../../../arm-none-eabi/lib/armv7e-m/softfp\libm.a(lib_a-ef_atan2.o) (atanf)
c:/davev4/dave-4.3.2/eclipse/arm-gcc-49/bin/../lib/gcc/arm-none-eabi/4.9.3/../../../../arm-none-eabi/lib/armv7e-m/softfp\libm.a(lib_a-sf_fabs.o)
                              c:/davev4/dave-4.3.2/eclipse/arm-gcc-49/bin/../lib/gcc/arm-none-eabi/4.9.3/../../../../arm-none-eabi/lib/armv7e-m/softfp\libm.a(lib_a-wf_asin.o) (fabsf)
c:/davev4/dave-4.3.2/eclipse/arm-gcc-49/bin/../lib/gcc/arm-none-eabi/4.9.3/../../../../arm-none-eabi/lib/armv7e-m/softfp\libm.a(lib_a-sf_finite.o)
                              c:/davev4/dave-4.3.2/eclipse/arm-gcc-49/bin/../lib/gcc/arm-none-eabi/4.9.3/../../../../arm-none-eabi/lib/armv7e-m/softfp\libm.a(lib_a-wf_pow.o) (finitef)
c:/davev4/dave-4.3.2/eclipse/arm-gcc-49/bin/../lib/gcc/arm-none-eabi/4.9.3/../../../../arm-none-eabi/lib/armv7e-m/softfp\libm.a(lib_a-sf_fpclassify.o)
                              c:/davev4/dave-4.3.2/eclipse/arm-gcc-49/bin/../lib/gcc/arm-none-eabi/4.9.3/../../../../arm-none-eabi/lib/armv7e-m/softfp\libm.a(lib_a-wf_asin.o) (__fpclassifyf)
[...]
Memory Configuration

Name             Origin             Length             Attributes
FLASH_1_cached   0x08000000         0x00100000         xr
FLASH_1_uncached 0x0c000000         0x00100000         xr
PSRAM_1          0x10000000         0x00010000         !xr
DSRAM_1_system   0x20000000         0x00010000         !xr
DSRAM_2_comm     0x30000000         0x00008000         !xr
*default*        0x00000000         0xffffffff

Linker script and memory map

LOAD ./_Quadrocopter/_HAL/UART/UARTdev.o
LOAD ./_Quadrocopter/_HAL/I2C/I2Cdev.o
LOAD ./_Quadrocopter/_HAL/Delay/util.o
LOAD ./_Quadrocopter/_FIR_Filter/FIR_Filter.o
LOAD ./_Quadrocopter/Sensors/MPU9X50/Filter/QuaternionFilters.o
LOAD ./_Quadrocopter/Sensors/MPU9X50/Filter/kalman.o
LOAD ./_Quadrocopter/Sensors/MPU9X50/MPU9250.o
LOAD ./_Quadrocopter/Sensors/DPS310/DPS310.o
LOAD ./_Quadrocopter/RemoteControl/BluetoothProtocol/BluetoothProtocol.o
LOAD ./_Quadrocopter/RemoteControl/RCReceive.o
LOAD ./_Quadrocopter/BatterySafety/BatterySafety.o
LOAD ./_Quadrocopter/Attitude_Control/AttitudeController.o
LOAD ./Startup/startup_XMC4500.o
LOAD ./Startup/system_XMC4500.o
LOAD ./Libraries/XMCLib/src/xmc4_eru.o
LOAD ./Libraries/XMCLib/src/xmc4_flash.o
LOAD ./Libraries/XMCLib/src/xmc4_gpio.o
LOAD ./Libraries/XMCLib/src/xmc4_rtc.o
LOAD ./Libraries/XMCLib/src/xmc4_scu.o
LOAD ./Libraries/XMCLib/src/xmc_can.o
LOAD ./Libraries/XMCLib/src/xmc_ccu4.o
LOAD ./Libraries/XMCLib/src/xmc_ccu8.o
LOAD ./Libraries/XMCLib/src/xmc_common.o
LOAD ./Libraries/XMCLib/src/xmc_dac.o
LOAD ./Libraries/XMCLib/src/xmc_dma.o
LOAD ./Libraries/XMCLib/src/xmc_dsd.o
LOAD ./Libraries/XMCLib/src/xmc_ebu.o
LOAD ./Libraries/XMCLib/src/xmc_ecat.o
LOAD ./Libraries/XMCLib/src/xmc_eru.o
LOAD ./Libraries/XMCLib/src/xmc_eth_mac.o
LOAD ./Libraries/XMCLib/src/xmc_fce.o
LOAD ./Libraries/XMCLib/src/xmc_gpio.o
LOAD ./Libraries/XMCLib/src/xmc_hrpwm.o
LOAD ./Libraries/XMCLib/src/xmc_i2c.o
LOAD ./Libraries/XMCLib/src/xmc_i2s.o
LOAD ./Libraries/XMCLib/src/xmc_ledts.o
LOAD ./Libraries/XMCLib/src/xmc_posif.o
LOAD ./Libraries/XMCLib/src/xmc_rtc.o
LOAD ./Libraries/XMCLib/src/xmc_sdmmc.o
LOAD ./Libraries/XMCLib/src/xmc_spi.o
LOAD ./Libraries/XMCLib/src/xmc_uart.o
LOAD ./Libraries/XMCLib/src/xmc_usbd.o
LOAD ./Libraries/XMCLib/src/xmc_usic.o
LOAD ./Libraries/XMCLib/src/xmc_vadc.o
LOAD ./Libraries/XMCLib/src/xmc_wdt.o
LOAD ./Libraries/Newlib/syscalls.o
LOAD ./Dave/Generated/USBD_VCOM/virtual_com/descriptors.o
LOAD ./Dave/Generated/USBD_VCOM/class_driver/device/cdc_class_device.o
LOAD ./Dave/Generated/USBD_VCOM/usbd_vcom.o
LOAD ./Dave/Generated/USBD_VCOM/usbd_vcom_conf.o
LOAD ./Dave/Generated/USBD/usb/core/xmc4000/usbd_endpoint_stream_xmc4000.o
LOAD ./Dave/Generated/USBD/usb/core/xmc4000/usbd_endpoint_xmc4000.o
LOAD ./Dave/Generated/USBD/usb/core/usb_task.o
LOAD ./Dave/Generated/USBD/usbd.o
LOAD ./Dave/Generated/USBD/usbd_conf.o
LOAD ./Dave/Generated/UART/uart.o
LOAD ./Dave/Generated/UART/uart_conf.o
LOAD ./Dave/Generated/TIMER/timer.o
LOAD ./Dave/Generated/TIMER/timer_conf.o
LOAD ./Dave/Generated/SYSTIMER/systimer.o
LOAD ./Dave/Generated/SYSTIMER/systimer_conf.o
LOAD ./Dave/Generated/PWM_CCU4/pwm_ccu4.o
LOAD ./Dave/Generated/PWM_CCU4/pwm_ccu4_conf.o
LOAD ./Dave/Generated/INTERRUPT/interrupt.o
LOAD ./Dave/Generated/INTERRUPT/interrupt_conf.o
LOAD ./Dave/Generated/GLOBAL_CCU4/global_ccu4.o
LOAD ./Dave/Generated/GLOBAL_CCU4/global_ccu4_conf.o
LOAD ./Dave/Generated/GLOBAL_ADC/global_adc.o
LOAD ./Dave/Generated/GLOBAL_ADC/global_adc_conf.o
LOAD ./Dave/Generated/EVENT_GENERATOR/event_generator.o
LOAD ./Dave/Generated/EVENT_GENERATOR/event_generator_conf.o
LOAD ./Dave/Generated/EVENT_DETECTOR/event_detector.o
LOAD ./Dave/Generated/EVENT_DETECTOR/event_detector_conf.o
LOAD ./Dave/Generated/DIGITAL_IO/digital_io.o
LOAD ./Dave/Generated/DIGITAL_IO/digital_io_conf.o
LOAD ./Dave/Generated/CPU_CTRL_XMC4/cpu_ctrl_xmc4.o
LOAD ./Dave/Generated/CPU_CTRL_XMC4/cpu_ctrl_xmc4_conf.o
LOAD ./Dave/Generated/CMSIS_DSP/TransformFunctions/arm_bitreversal.o
LOAD ./Dave/Generated/CMSIS_DSP/TransformFunctions/arm_bitreversal2.o
LOAD ./Dave/Generated/CMSIS_DSP/TransformFunctions/arm_cfft_f32.o
LOAD ./Dave/Generated/CMSIS_DSP/TransformFunctions/arm_cfft_q15.o
LOAD ./Dave/Generated/CMSIS_DSP/TransformFunctions/arm_cfft_q31.o
LOAD ./Dave/Generated/CMSIS_DSP/TransformFunctions/arm_cfft_radix2_f32.o
LOAD ./Dave/Generated/CMSIS_DSP/TransformFunctions/arm_cfft_radix2_init_f32.o
LOAD ./Dave/Generated/CMSIS_DSP/TransformFunctions/arm_cfft_radix2_init_q15.o
LOAD ./Dave/Generated/CMSIS_DSP/TransformFunctions/arm_cfft_radix2_init_q31.o
LOAD ./Dave/Generated/CMSIS_DSP/TransformFunctions/arm_cfft_radix2_q15.o
LOAD ./Dave/Generated/CMSIS_DSP/TransformFunctions/arm_cfft_radix2_q31.o
LOAD ./Dave/Generated/CMSIS_DSP/TransformFunctions/arm_cfft_radix4_f32.o
LOAD ./Dave/Generated/CMSIS_DSP/TransformFunctions/arm_cfft_radix4_init_f32.o
LOAD ./Dave/Generated/CMSIS_DSP/TransformFunctions/arm_cfft_radix4_init_q15.o
LOAD ./Dave/Generated/CMSIS_DSP/TransformFunctions/arm_cfft_radix4_init_q31.o
LOAD ./Dave/Generated/CMSIS_DSP/TransformFunctions/arm_cfft_radix4_q15.o
LOAD ./Dave/Generated/CMSIS_DSP/TransformFunctions/arm_cfft_radix4_q31.o
LOAD ./Dave/Generated/CMSIS_DSP/TransformFunctions/arm_cfft_radix8_f32.o
LOAD ./Dave/Generated/CMSIS_DSP/TransformFunctions/arm_dct4_f32.o
LOAD ./Dave/Generated/CMSIS_DSP/TransformFunctions/arm_dct4_init_f32.o
LOAD ./Dave/Generated/CMSIS_DSP/TransformFunctions/arm_dct4_init_q15.o
LOAD ./Dave/Generated/CMSIS_DSP/TransformFunctions/arm_dct4_init_q31.o
LOAD ./Dave/Generated/CMSIS_DSP/TransformFunctions/arm_dct4_q15.o
LOAD ./Dave/Generated/CMSIS_DSP/TransformFunctions/arm_dct4_q31.o
LOAD ./Dave/Generated/CMSIS_DSP/TransformFunctions/arm_rfft_f32.o
LOAD ./Dave/Generated/CMSIS_DSP/TransformFunctions/arm_rfft_fast_f32.o
LOAD ./Dave/Generated/CMSIS_DSP/TransformFunctions/arm_rfft_fast_init_f32.o
LOAD ./Dave/Generated/CMSIS_DSP/TransformFunctions/arm_rfft_init_f32.o
LOAD ./Dave/Generated/CMSIS_DSP/TransformFunctions/arm_rfft_init_q15.o
LOAD ./Dave/Generated/CMSIS_DSP/TransformFunctions/arm_rfft_init_q31.o
LOAD ./Dave/Generated/CMSIS_DSP/TransformFunctions/arm_rfft_q15.o
LOAD ./Dave/Generated/CMSIS_DSP/TransformFunctions/arm_rfft_q31.o
LOAD ./Dave/Generated/CMSIS_DSP/SupportFunctions/arm_copy_f32.o
LOAD ./Dave/Generated/CMSIS_DSP/SupportFunctions/arm_copy_q15.o
LOAD ./Dave/Generated/CMSIS_DSP/SupportFunctions/arm_copy_q31.o
LOAD ./Dave/Generated/CMSIS_DSP/SupportFunctions/arm_copy_q7.o
LOAD ./Dave/Generated/CMSIS_DSP/SupportFunctions/arm_fill_f32.o
LOAD ./Dave/Generated/CMSIS_DSP/SupportFunctions/arm_fill_q15.o
LOAD ./Dave/Generated/CMSIS_DSP/SupportFunctions/arm_fill_q31.o
LOAD ./Dave/Generated/CMSIS_DSP/SupportFunctions/arm_fill_q7.o
LOAD ./Dave/Generated/CMSIS_DSP/SupportFunctions/arm_float_to_q15.o
LOAD ./Dave/Generated/CMSIS_DSP/SupportFunctions/arm_float_to_q31.o
LOAD ./Dave/Generated/CMSIS_DSP/SupportFunctions/arm_float_to_q7.o
LOAD ./Dave/Generated/CMSIS_DSP/SupportFunctions/arm_q15_to_float.o
LOAD ./Dave/Generated/CMSIS_DSP/SupportFunctions/arm_q15_to_q31.o
LOAD ./Dave/Generated/CMSIS_DSP/SupportFunctions/arm_q15_to_q7.o
LOAD ./Dave/Generated/CMSIS_DSP/SupportFunctions/arm_q31_to_float.o
LOAD ./Dave/Generated/CMSIS_DSP/SupportFunctions/arm_q31_to_q15.o
LOAD ./Dave/Generated/CMSIS_DSP/SupportFunctions/arm_q31_to_q7.o
LOAD ./Dave/Generated/CMSIS_DSP/SupportFunctions/arm_q7_to_float.o
LOAD ./Dave/Generated/CMSIS_DSP/SupportFunctions/arm_q7_to_q15.o
LOAD ./Dave/Generated/CMSIS_DSP/SupportFunctions/arm_q7_to_q31.o
LOAD ./Dave/Generated/CMSIS_DSP/StatisticsFunctions/arm_max_f32.o
LOAD ./Dave/Generated/CMSIS_DSP/StatisticsFunctions/arm_max_q15.o
LOAD ./Dave/Generated/CMSIS_DSP/StatisticsFunctions/arm_max_q31.o
LOAD ./Dave/Generated/CMSIS_DSP/StatisticsFunctions/arm_max_q7.o
LOAD ./Dave/Generated/CMSIS_DSP/StatisticsFunctions/arm_mean_f32.o
LOAD ./Dave/Generated/CMSIS_DSP/StatisticsFunctions/arm_mean_q15.o
LOAD ./Dave/Generated/CMSIS_DSP/StatisticsFunctions/arm_mean_q31.o
LOAD ./Dave/Generated/CMSIS_DSP/StatisticsFunctions/arm_mean_q7.o
LOAD ./Dave/Generated/CMSIS_DSP/StatisticsFunctions/arm_min_f32.o
LOAD ./Dave/Generated/CMSIS_DSP/StatisticsFunctions/arm_min_q15.o
LOAD ./Dave/Generated/CMSIS_DSP/StatisticsFunctions/arm_min_q31.o
LOAD ./Dave/Generated/CMSIS_DSP/StatisticsFunctions/arm_min_q7.o
LOAD ./Dave/Generated/CMSIS_DSP/StatisticsFunctions/arm_power_f32.o
LOAD ./Dave/Generated/CMSIS_DSP/StatisticsFunctions/arm_power_q15.o
LOAD ./Dave/Generated/CMSIS_DSP/StatisticsFunctions/arm_power_q31.o
LOAD ./Dave/Generated/CMSIS_DSP/StatisticsFunctions/arm_power_q7.o
LOAD ./Dave/Generated/CMSIS_DSP/StatisticsFunctions/arm_rms_f32.o
LOAD ./Dave/Generated/CMSIS_DSP/StatisticsFunctions/arm_rms_q15.o
LOAD ./Dave/Generated/CMSIS_DSP/StatisticsFunctions/arm_rms_q31.o
LOAD ./Dave/Generated/CMSIS_DSP/StatisticsFunctions/arm_std_f32.o
LOAD ./Dave/Generated/CMSIS_DSP/StatisticsFunctions/arm_std_q15.o
LOAD ./Dave/Generated/CMSIS_DSP/StatisticsFunctions/arm_std_q31.o
LOAD ./Dave/Generated/CMSIS_DSP/StatisticsFunctions/arm_var_f32.o
LOAD ./Dave/Generated/CMSIS_DSP/StatisticsFunctions/arm_var_q15.o
LOAD ./Dave/Generated/CMSIS_DSP/StatisticsFunctions/arm_var_q31.o
LOAD ./Dave/Generated/CMSIS_DSP/MatrixFunctions/arm_mat_add_f32.o
LOAD ./Dave/Generated/CMSIS_DSP/MatrixFunctions/arm_mat_add_q15.o
LOAD ./Dave/Generated/CMSIS_DSP/MatrixFunctions/arm_mat_add_q31.o
LOAD ./Dave/Generated/CMSIS_DSP/MatrixFunctions/arm_mat_cmplx_mult_f32.o
LOAD ./Dave/Generated/CMSIS_DSP/MatrixFunctions/arm_mat_cmplx_mult_q15.o
LOAD ./Dave/Generated/CMSIS_DSP/MatrixFunctions/arm_mat_cmplx_mult_q31.o
LOAD ./Dave/Generated/CMSIS_DSP/MatrixFunctions/arm_mat_init_f32.o
LOAD ./Dave/Generated/CMSIS_DSP/MatrixFunctions/arm_mat_init_q15.o
LOAD ./Dave/Generated/CMSIS_DSP/MatrixFunctions/arm_mat_init_q31.o
LOAD ./Dave/Generated/CMSIS_DSP/MatrixFunctions/arm_mat_inverse_f32.o
LOAD ./Dave/Generated/CMSIS_DSP/MatrixFunctions/arm_mat_inverse_f64.o
LOAD ./Dave/Generated/CMSIS_DSP/MatrixFunctions/arm_mat_mult_f32.o
LOAD ./Dave/Generated/CMSIS_DSP/MatrixFunctions/arm_mat_mult_fast_q15.o
LOAD ./Dave/Generated/CMSIS_DSP/MatrixFunctions/arm_mat_mult_fast_q31.o
LOAD ./Dave/Generated/CMSIS_DSP/MatrixFunctions/arm_mat_mult_q15.o
LOAD ./Dave/Generated/CMSIS_DSP/MatrixFunctions/arm_mat_mult_q31.o
LOAD ./Dave/Generated/CMSIS_DSP/MatrixFunctions/arm_mat_scale_f32.o
LOAD ./Dave/Generated/CMSIS_DSP/MatrixFunctions/arm_mat_scale_q15.o
LOAD ./Dave/Generated/CMSIS_DSP/MatrixFunctions/arm_mat_scale_q31.o
LOAD ./Dave/Generated/CMSIS_DSP/MatrixFunctions/arm_mat_sub_f32.o
LOAD ./Dave/Generated/CMSIS_DSP/MatrixFunctions/arm_mat_sub_q15.o
LOAD ./Dave/Generated/CMSIS_DSP/MatrixFunctions/arm_mat_sub_q31.o
LOAD ./Dave/Generated/CMSIS_DSP/MatrixFunctions/arm_mat_trans_f32.o
LOAD ./Dave/Generated/CMSIS_DSP/MatrixFunctions/arm_mat_trans_q15.o
LOAD ./Dave/Generated/CMSIS_DSP/MatrixFunctions/arm_mat_trans_q31.o
LOAD ./Dave/Generated/CMSIS_DSP/FilteringFunctions/arm_biquad_cascade_df1_32x64_init_q31.o
LOAD ./Dave/Generated/CMSIS_DSP/FilteringFunctions/arm_biquad_cascade_df1_32x64_q31.o
LOAD ./Dave/Generated/CMSIS_DSP/FilteringFunctions/arm_biquad_cascade_df1_f32.o
LOAD ./Dave/Generated/CMSIS_DSP/FilteringFunctions/arm_biquad_cascade_df1_fast_q15.o
LOAD ./Dave/Generated/CMSIS_DSP/FilteringFunctions/arm_biquad_cascade_df1_fast_q31.o
LOAD ./Dave/Generated/CMSIS_DSP/FilteringFunctions/arm_biquad_cascade_df1_init_f32.o
LOAD ./Dave/Generated/CMSIS_DSP/FilteringFunctions/arm_biquad_cascade_df1_init_q15.o
LOAD ./Dave/Generated/CMSIS_DSP/FilteringFunctions/arm_biquad_cascade_df1_init_q31.o
LOAD ./Dave/Generated/CMSIS_DSP/FilteringFunctions/arm_biquad_cascade_df1_q15.o
LOAD ./Dave/Generated/CMSIS_DSP/FilteringFunctions/arm_biquad_cascade_df1_q31.o
LOAD ./Dave/Generated/CMSIS_DSP/FilteringFunctions/arm_biquad_cascade_df2T_f32.o
LOAD ./Dave/Generated/CMSIS_DSP/FilteringFunctions/arm_biquad_cascade_df2T_f64.o
LOAD ./Dave/Generated/CMSIS_DSP/FilteringFunctions/arm_biquad_cascade_df2T_init_f32.o
LOAD ./Dave/Generated/CMSIS_DSP/FilteringFunctions/arm_biquad_cascade_df2T_init_f64.o
LOAD ./Dave/Generated/CMSIS_DSP/FilteringFunctions/arm_biquad_cascade_stereo_df2T_f32.o
LOAD ./Dave/Generated/CMSIS_DSP/FilteringFunctions/arm_biquad_cascade_stereo_df2T_init_f32.o
LOAD ./Dave/Generated/CMSIS_DSP/FilteringFunctions/arm_conv_f32.o
LOAD ./Dave/Generated/CMSIS_DSP/FilteringFunctions/arm_conv_fast_opt_q15.o
LOAD ./Dave/Generated/CMSIS_DSP/FilteringFunctions/arm_conv_fast_q15.o
LOAD ./Dave/Generated/CMSIS_DSP/FilteringFunctions/arm_conv_fast_q31.o
LOAD ./Dave/Generated/CMSIS_DSP/FilteringFunctions/arm_conv_opt_q15.o
LOAD ./Dave/Generated/CMSIS_DSP/FilteringFunctions/arm_conv_opt_q7.o
LOAD ./Dave/Generated/CMSIS_DSP/FilteringFunctions/arm_conv_partial_f32.o
LOAD ./Dave/Generated/CMSIS_DSP/FilteringFunctions/arm_conv_partial_fast_opt_q15.o
LOAD ./Dave/Generated/CMSIS_DSP/FilteringFunctions/arm_conv_partial_fast_q15.o
LOAD ./Dave/Generated/CMSIS_DSP/FilteringFunctions/arm_conv_partial_fast_q31.o
LOAD ./Dave/Generated/CMSIS_DSP/FilteringFunctions/arm_conv_partial_opt_q15.o
LOAD ./Dave/Generated/CMSIS_DSP/FilteringFunctions/arm_conv_partial_opt_q7.o
LOAD ./Dave/Generated/CMSIS_DSP/FilteringFunctions/arm_conv_partial_q15.o
LOAD ./Dave/Generated/CMSIS_DSP/FilteringFunctions/arm_conv_partial_q31.o
LOAD ./Dave/Generated/CMSIS_DSP/FilteringFunctions/arm_conv_partial_q7.o
LOAD ./Dave/Generated/CMSIS_DSP/FilteringFunctions/arm_conv_q15.o
LOAD ./Dave/Generated/CMSIS_DSP/FilteringFunctions/arm_conv_q31.o
LOAD ./Dave/Generated/CMSIS_DSP/FilteringFunctions/arm_conv_q7.o
LOAD ./Dave/Generated/CMSIS_DSP/FilteringFunctions/arm_correlate_f32.o
LOAD ./Dave/Generated/CMSIS_DSP/FilteringFunctions/arm_correlate_fast_opt_q15.o
LOAD ./Dave/Generated/CMSIS_DSP/FilteringFunctions/arm_correlate_fast_q15.o
LOAD ./Dave/Generated/CMSIS_DSP/FilteringFunctions/arm_correlate_fast_q31.o
LOAD ./Dave/Generated/CMSIS_DSP/FilteringFunctions/arm_correlate_opt_q15.o
LOAD ./Dave/Generated/CMSIS_DSP/FilteringFunctions/arm_correlate_opt_q7.o
LOAD ./Dave/Generated/CMSIS_DSP/FilteringFunctions/arm_correlate_q15.o
LOAD ./Dave/Generated/CMSIS_DSP/FilteringFunctions/arm_correlate_q31.o
LOAD ./Dave/Generated/CMSIS_DSP/FilteringFunctions/arm_correlate_q7.o
LOAD ./Dave/Generated/CMSIS_DSP/FilteringFunctions/arm_fir_decimate_f32.o
LOAD ./Dave/Generated/CMSIS_DSP/FilteringFunctions/arm_fir_decimate_fast_q15.o
LOAD ./Dave/Generated/CMSIS_DSP/FilteringFunctions/arm_fir_decimate_fast_q31.o
LOAD ./Dave/Generated/CMSIS_DSP/FilteringFunctions/arm_fir_decimate_init_f32.o
LOAD ./Dave/Generated/CMSIS_DSP/FilteringFunctions/arm_fir_decimate_init_q15.o
LOAD ./Dave/Generated/CMSIS_DSP/FilteringFunctions/arm_fir_decimate_init_q31.o
LOAD ./Dave/Generated/CMSIS_DSP/FilteringFunctions/arm_fir_decimate_q15.o
LOAD ./Dave/Generated/CMSIS_DSP/FilteringFunctions/arm_fir_decimate_q31.o
LOAD ./Dave/Generated/CMSIS_DSP/FilteringFunctions/arm_fir_f32.o
LOAD ./Dave/Generated/CMSIS_DSP/FilteringFunctions/arm_fir_fast_q15.o
LOAD ./Dave/Generated/CMSIS_DSP/FilteringFunctions/arm_fir_fast_q31.o
LOAD ./Dave/Generated/CMSIS_DSP/FilteringFunctions/arm_fir_init_f32.o
LOAD ./Dave/Generated/CMSIS_DSP/FilteringFunctions/arm_fir_init_q15.o
LOAD ./Dave/Generated/CMSIS_DSP/FilteringFunctions/arm_fir_init_q31.o
LOAD ./Dave/Generated/CMSIS_DSP/FilteringFunctions/arm_fir_init_q7.o
LOAD ./Dave/Generated/CMSIS_DSP/FilteringFunctions/arm_fir_interpolate_f32.o
LOAD ./Dave/Generated/CMSIS_DSP/FilteringFunctions/arm_fir_interpolate_init_f32.o
LOAD ./Dave/Generated/CMSIS_DSP/FilteringFunctions/arm_fir_interpolate_init_q15.o
LOAD ./Dave/Generated/CMSIS_DSP/FilteringFunctions/arm_fir_interpolate_init_q31.o
LOAD ./Dave/Generated/CMSIS_DSP/FilteringFunctions/arm_fir_interpolate_q15.o
LOAD ./Dave/Generated/CMSIS_DSP/FilteringFunctions/arm_fir_interpolate_q31.o
LOAD ./Dave/Generated/CMSIS_DSP/FilteringFunctions/arm_fir_lattice_f32.o
LOAD ./Dave/Generated/CMSIS_DSP/FilteringFunctions/arm_fir_lattice_init_f32.o
LOAD ./Dave/Generated/CMSIS_DSP/FilteringFunctions/arm_fir_lattice_init_q15.o
LOAD ./Dave/Generated/CMSIS_DSP/FilteringFunctions/arm_fir_lattice_init_q31.o
LOAD ./Dave/Generated/CMSIS_DSP/FilteringFunctions/arm_fir_lattice_q15.o
LOAD ./Dave/Generated/CMSIS_DSP/FilteringFunctions/arm_fir_lattice_q31.o
LOAD ./Dave/Generated/CMSIS_DSP/FilteringFunctions/arm_fir_q15.o
LOAD ./Dave/Generated/CMSIS_DSP/FilteringFunctions/arm_fir_q31.o
LOAD ./Dave/Generated/CMSIS_DSP/FilteringFunctions/arm_fir_q7.o
LOAD ./Dave/Generated/CMSIS_DSP/FilteringFunctions/arm_fir_sparse_f32.o
LOAD ./Dave/Generated/CMSIS_DSP/FilteringFunctions/arm_fir_sparse_init_f32.o
LOAD ./Dave/Generated/CMSIS_DSP/FilteringFunctions/arm_fir_sparse_init_q15.o
LOAD ./Dave/Generated/CMSIS_DSP/FilteringFunctions/arm_fir_sparse_init_q31.o
LOAD ./Dave/Generated/CMSIS_DSP/FilteringFunctions/arm_fir_sparse_init_q7.o
LOAD ./Dave/Generated/CMSIS_DSP/FilteringFunctions/arm_fir_sparse_q15.o
LOAD ./Dave/Generated/CMSIS_DSP/FilteringFunctions/arm_fir_sparse_q31.o
LOAD ./Dave/Generated/CMSIS_DSP/FilteringFunctions/arm_fir_sparse_q7.o
LOAD ./Dave/Generated/CMSIS_DSP/FilteringFunctions/arm_iir_lattice_f32.o
LOAD ./Dave/Generated/CMSIS_DSP/FilteringFunctions/arm_iir_lattice_init_f32.o
LOAD ./Dave/Generated/CMSIS_DSP/FilteringFunctions/arm_iir_lattice_init_q15.o
LOAD ./Dave/Generated/CMSIS_DSP/FilteringFunctions/arm_iir_lattice_init_q31.o
LOAD ./Dave/Generated/CMSIS_DSP/FilteringFunctions/arm_iir_lattice_q15.o
LOAD ./Dave/Generated/CMSIS_DSP/FilteringFunctions/arm_iir_lattice_q31.o
LOAD ./Dave/Generated/CMSIS_DSP/FilteringFunctions/arm_lms_f32.o
LOAD ./Dave/Generated/CMSIS_DSP/FilteringFunctions/arm_lms_init_f32.o
LOAD ./Dave/Generated/CMSIS_DSP/FilteringFunctions/arm_lms_init_q15.o
LOAD ./Dave/Generated/CMSIS_DSP/FilteringFunctions/arm_lms_init_q31.o
LOAD ./Dave/Generated/CMSIS_DSP/FilteringFunctions/arm_lms_norm_f32.o
LOAD ./Dave/Generated/CMSIS_DSP/FilteringFunctions/arm_lms_norm_init_f32.o
LOAD ./Dave/Generated/CMSIS_DSP/FilteringFunctions/arm_lms_norm_init_q15.o
LOAD ./Dave/Generated/CMSIS_DSP/FilteringFunctions/arm_lms_norm_init_q31.o
LOAD ./Dave/Generated/CMSIS_DSP/FilteringFunctions/arm_lms_norm_q15.o
LOAD ./Dave/Generated/CMSIS_DSP/FilteringFunctions/arm_lms_norm_q31.o
LOAD ./Dave/Generated/CMSIS_DSP/FilteringFunctions/arm_lms_q15.o
LOAD ./Dave/Generated/CMSIS_DSP/FilteringFunctions/arm_lms_q31.o
LOAD ./Dave/Generated/CMSIS_DSP/FastMathFunctions/arm_cos_f32.o
LOAD ./Dave/Generated/CMSIS_DSP/FastMathFunctions/arm_cos_q15.o
LOAD ./Dave/Generated/CMSIS_DSP/FastMathFunctions/arm_cos_q31.o
LOAD ./Dave/Generated/CMSIS_DSP/FastMathFunctions/arm_sin_f32.o
LOAD ./Dave/Generated/CMSIS_DSP/FastMathFunctions/arm_sin_q15.o
LOAD ./Dave/Generated/CMSIS_DSP/FastMathFunctions/arm_sin_q31.o
LOAD ./Dave/Generated/CMSIS_DSP/FastMathFunctions/arm_sqrt_q15.o
LOAD ./Dave/Generated/CMSIS_DSP/FastMathFunctions/arm_sqrt_q31.o
LOAD ./Dave/Generated/CMSIS_DSP/ControllerFunctions/arm_pid_init_f32.o
LOAD ./Dave/Generated/CMSIS_DSP/ControllerFunctions/arm_pid_init_q15.o
LOAD ./Dave/Generated/CMSIS_DSP/ControllerFunctions/arm_pid_init_q31.o
LOAD ./Dave/Generated/CMSIS_DSP/ControllerFunctions/arm_pid_reset_f32.o
LOAD ./Dave/Generated/CMSIS_DSP/ControllerFunctions/arm_pid_reset_q15.o
LOAD ./Dave/Generated/CMSIS_DSP/ControllerFunctions/arm_pid_reset_q31.o
LOAD ./Dave/Generated/CMSIS_DSP/ControllerFunctions/arm_sin_cos_f32.o
LOAD ./Dave/Generated/CMSIS_DSP/ControllerFunctions/arm_sin_cos_q31.o
LOAD ./Dave/Generated/CMSIS_DSP/ComplexMathFunctions/arm_cmplx_conj_f32.o
LOAD ./Dave/Generated/CMSIS_DSP/ComplexMathFunctions/arm_cmplx_conj_q15.o
LOAD ./Dave/Generated/CMSIS_DSP/ComplexMathFunctions/arm_cmplx_conj_q31.o
LOAD ./Dave/Generated/CMSIS_DSP/ComplexMathFunctions/arm_cmplx_dot_prod_f32.o
LOAD ./Dave/Generated/CMSIS_DSP/ComplexMathFunctions/arm_cmplx_dot_prod_q15.o
LOAD ./Dave/Generated/CMSIS_DSP/ComplexMathFunctions/arm_cmplx_dot_prod_q31.o
LOAD ./Dave/Generated/CMSIS_DSP/ComplexMathFunctions/arm_cmplx_mag_f32.o
LOAD ./Dave/Generated/CMSIS_DSP/ComplexMathFunctions/arm_cmplx_mag_q15.o
LOAD ./Dave/Generated/CMSIS_DSP/ComplexMathFunctions/arm_cmplx_mag_q31.o
LOAD ./Dave/Generated/CMSIS_DSP/ComplexMathFunctions/arm_cmplx_mag_squared_f32.o
LOAD ./Dave/Generated/CMSIS_DSP/ComplexMathFunctions/arm_cmplx_mag_squared_q15.o
LOAD ./Dave/Generated/CMSIS_DSP/ComplexMathFunctions/arm_cmplx_mag_squared_q31.o
LOAD ./Dave/Generated/CMSIS_DSP/ComplexMathFunctions/arm_cmplx_mult_cmplx_f32.o
LOAD ./Dave/Generated/CMSIS_DSP/ComplexMathFunctions/arm_cmplx_mult_cmplx_q15.o
LOAD ./Dave/Generated/CMSIS_DSP/ComplexMathFunctions/arm_cmplx_mult_cmplx_q31.o
LOAD ./Dave/Generated/CMSIS_DSP/ComplexMathFunctions/arm_cmplx_mult_real_f32.o
LOAD ./Dave/Generated/CMSIS_DSP/ComplexMathFunctions/arm_cmplx_mult_real_q15.o
LOAD ./Dave/Generated/CMSIS_DSP/ComplexMathFunctions/arm_cmplx_mult_real_q31.o
LOAD ./Dave/Generated/CMSIS_DSP/CommonTables/arm_common_tables.o
LOAD ./Dave/Generated/CMSIS_DSP/CommonTables/arm_const_structs.o
LOAD ./Dave/Generated/CMSIS_DSP/BasicMathFunctions/arm_abs_f32.o
LOAD ./Dave/Generated/CMSIS_DSP/BasicMathFunctions/arm_abs_q15.o
LOAD ./Dave/Generated/CMSIS_DSP/BasicMathFunctions/arm_abs_q31.o
LOAD ./Dave/Generated/CMSIS_DSP/BasicMathFunctions/arm_abs_q7.o
LOAD ./Dave/Generated/CMSIS_DSP/BasicMathFunctions/arm_add_f32.o
LOAD ./Dave/Generated/CMSIS_DSP/BasicMathFunctions/arm_add_q15.o
LOAD ./Dave/Generated/CMSIS_DSP/BasicMathFunctions/arm_add_q31.o
LOAD ./Dave/Generated/CMSIS_DSP/BasicMathFunctions/arm_add_q7.o
LOAD ./Dave/Generated/CMSIS_DSP/BasicMathFunctions/arm_dot_prod_f32.o
LOAD ./Dave/Generated/CMSIS_DSP/BasicMathFunctions/arm_dot_prod_q15.o
LOAD ./Dave/Generated/CMSIS_DSP/BasicMathFunctions/arm_dot_prod_q31.o
LOAD ./Dave/Generated/CMSIS_DSP/BasicMathFunctions/arm_dot_prod_q7.o
LOAD ./Dave/Generated/CMSIS_DSP/BasicMathFunctions/arm_mult_f32.o
LOAD ./Dave/Generated/CMSIS_DSP/BasicMathFunctions/arm_mult_q15.o
LOAD ./Dave/Generated/CMSIS_DSP/BasicMathFunctions/arm_mult_q31.o
LOAD ./Dave/Generated/CMSIS_DSP/BasicMathFunctions/arm_mult_q7.o
LOAD ./Dave/Generated/CMSIS_DSP/BasicMathFunctions/arm_negate_f32.o
LOAD ./Dave/Generated/CMSIS_DSP/BasicMathFunctions/arm_negate_q15.o
LOAD ./Dave/Generated/CMSIS_DSP/BasicMathFunctions/arm_negate_q31.o
LOAD ./Dave/Generated/CMSIS_DSP/BasicMathFunctions/arm_negate_q7.o
LOAD ./Dave/Generated/CMSIS_DSP/BasicMathFunctions/arm_offset_f32.o
LOAD ./Dave/Generated/CMSIS_DSP/BasicMathFunctions/arm_offset_q15.o
LOAD ./Dave/Generated/CMSIS_DSP/BasicMathFunctions/arm_offset_q31.o
LOAD ./Dave/Generated/CMSIS_DSP/BasicMathFunctions/arm_offset_q7.o
LOAD ./Dave/Generated/CMSIS_DSP/BasicMathFunctions/arm_scale_f32.o
LOAD ./Dave/Generated/CMSIS_DSP/BasicMathFunctions/arm_scale_q15.o
LOAD ./Dave/Generated/CMSIS_DSP/BasicMathFunctions/arm_scale_q31.o
LOAD ./Dave/Generated/CMSIS_DSP/BasicMathFunctions/arm_scale_q7.o
LOAD ./Dave/Generated/CMSIS_DSP/BasicMathFunctions/arm_shift_q15.o
LOAD ./Dave/Generated/CMSIS_DSP/BasicMathFunctions/arm_shift_q31.o
LOAD ./Dave/Generated/CMSIS_DSP/BasicMathFunctions/arm_shift_q7.o
LOAD ./Dave/Generated/CMSIS_DSP/BasicMathFunctions/arm_sub_f32.o
LOAD ./Dave/Generated/CMSIS_DSP/BasicMathFunctions/arm_sub_q15.o
LOAD ./Dave/Generated/CMSIS_DSP/BasicMathFunctions/arm_sub_q31.o
LOAD ./Dave/Generated/CMSIS_DSP/BasicMathFunctions/arm_sub_q7.o
LOAD ./Dave/Generated/CMSIS_DSP/cmsis_dsp.o
LOAD ./Dave/Generated/CLOCK_XMC4/clock_xmc4.o
LOAD ./Dave/Generated/CLOCK_XMC4/clock_xmc4_conf.o
LOAD ./Dave/Generated/ADC_MEASUREMENT/adc_measurement.o
LOAD ./Dave/Generated/ADC_MEASUREMENT/adc_measurement_conf.o
LOAD ./Dave/Generated/DAVE.o
LOAD ./main.o
LOAD c:/davev4/dave-4.3.2/eclipse/arm-gcc-49/bin/../lib/gcc/arm-none-eabi/4.9.3/../../../../arm-none-eabi/lib/armv7e-m/softfp\libm.a
START GROUP
LOAD c:/davev4/dave-4.3.2/eclipse/arm-gcc-49/bin/../lib/gcc/arm-none-eabi/4.9.3/armv7e-m/softfp\libgcc.a
LOAD c:/davev4/dave-4.3.2/eclipse/arm-gcc-49/bin/../lib/gcc/arm-none-eabi/4.9.3/../../../../arm-none-eabi/lib/armv7e-m/softfp\libg_nano.a
LOAD c:/davev4/dave-4.3.2/eclipse/arm-gcc-49/bin/../lib/gcc/arm-none-eabi/4.9.3/../../../../arm-none-eabi/lib/armv7e-m/softfp\libc_nano.a
END GROUP
START GROUP
LOAD c:/davev4/dave-4.3.2/eclipse/arm-gcc-49/bin/../lib/gcc/arm-none-eabi/4.9.3/armv7e-m/softfp\libgcc.a
LOAD c:/davev4/dave-4.3.2/eclipse/arm-gcc-49/bin/../lib/gcc/arm-none-eabi/4.9.3/../../../../arm-none-eabi/lib/armv7e-m/softfp\libc_nano.a
LOAD c:/davev4/dave-4.3.2/eclipse/arm-gcc-49/bin/../lib/gcc/arm-none-eabi/4.9.3/../../../../arm-none-eabi/lib/armv7e-m/softfp\libnosys.a
END GROUP
START GROUP
LOAD c:/davev4/dave-4.3.2/eclipse/arm-gcc-49/bin/../lib/gcc/arm-none-eabi/4.9.3/armv7e-m/softfp\libgcc.a
LOAD c:/davev4/dave-4.3.2/eclipse/arm-gcc-49/bin/../lib/gcc/arm-none-eabi/4.9.3/../../../../arm-none-eabi/lib/armv7e-m/softfp\libc_nano.a
LOAD c:/davev4/dave-4.3.2/eclipse/arm-gcc-49/bin/../lib/gcc/arm-none-eabi/4.9.3/../../../../arm-none-eabi/lib/armv7e-m/softfp\libnosys.a
END GROUP
                0x00000800                stack_size = DEFINED (stack_size)?stack_size:0x800
                0x00000040                no_init_size = 0x40

.text           0x08000000     0xe30c load address 0x0c000000
                0x08000000                sText = .
 *(.reset)
 .reset         0x08000000      0x2b4 ./Startup/startup_XMC4500.o
                0x08000000                __Vectors
                0x08000200                Reset_Handler
                0x080002b0                DSD0_7_IRQHandler
                0x080002b0                DebugMon_Handler
                0x080002b0                VADC0_C0_0_IRQHandler
                0x080002b0                CAN0_4_IRQHandler
                0x080002b0                VADC0_G2_0_IRQHandler
                0x080002b0                POSIF0_0_IRQHandler
                0x080002b0                POSIF1_0_IRQHandler
                0x080002b0                HardFault_Handler
                0x080002b0                VADC0_G1_1_IRQHandler
                0x080002b0                PendSV_Handler
                0x080002b0                NMI_Handler
                0x080002b0                USIC1_3_IRQHandler
                0x080002b0                CCU40_2_IRQHandler
                0x080002b0                SCU_0_IRQHandler
                0x080002b0                ERU0_0_IRQHandler
                0x080002b0                CCU41_0_IRQHandler
                0x080002b0                USIC1_5_IRQHandler
                0x080002b0                DSD0_4_IRQHandler
                0x080002b0                CCU80_1_IRQHandler
                0x080002b0                CCU81_0_IRQHandler
                0x080002b0                UsageFault_Handler
                0x080002b0                USIC0_0_IRQHandler
                0x080002b0                POSIF1_1_IRQHandler
                0x080002b0                ERU0_2_IRQHandler
                0x080002b0                CCU81_1_IRQHandler
                0x080002b0                ERU1_1_IRQHandler
                0x080002b0                VADC0_G2_3_IRQHandler
                0x080002b0                VADC0_G2_2_IRQHandler
                0x080002b0                CCU42_3_IRQHandler
                0x080002b0                ERU0_3_IRQHandler
                0x080002b0                DSD0_5_IRQHandler
                0x080002b0                VADC0_C0_3_IRQHandler
                0x080002b0                CAN0_6_IRQHandler
                0x080002b0                VADC0_G0_1_IRQHandler
                0x080002b0                CCU81_2_IRQHandler
                0x080002b0                USIC2_4_IRQHandler
                0x080002b0                CCU81_3_IRQHandler
                0x080002b0                CCU42_1_IRQHandler
                0x080002b0                USIC1_1_IRQHandler
                0x080002b0                USIC2_5_IRQHandler
                0x080002b0                CCU40_0_IRQHandler
                0x080002b0                CAN0_0_IRQHandler
                0x080002b0                CCU42_2_IRQHandler
                0x080002b0                Default_Handler
                0x080002b0                USIC1_4_IRQHandler
                0x080002b0                POSIF0_1_IRQHandler
                0x080002b0                VADC0_G0_0_IRQHandler
                0x080002b0                DSD0_2_IRQHandler
                0x080002b0                CCU80_3_IRQHandler
                0x080002b0                CCU41_3_IRQHandler
                0x080002b0                CCU80_2_IRQHandler
                0x080002b0                VADC0_G1_3_IRQHandler
                0x080002b0                VADC0_G0_3_IRQHandler
                0x080002b0                GPDMA0_0_IRQHandler
                0x080002b0                PMU0_0_IRQHandler
                0x080002b0                CAN0_7_IRQHandler
                0x080002b0                DSD0_1_IRQHandler
                0x080002b0                VADC0_C0_1_IRQHandler
                0x080002b0                CCU43_2_IRQHandler
                0x080002b0                USIC2_2_IRQHandler
                0x080002b0                MemManage_Handler
                0x080002b0                VADC0_G3_1_IRQHandler
                0x080002b0                DAC0_0_IRQHandler
                0x080002b0                SVC_Handler
                0x080002b0                VADC0_G3_3_IRQHandler
                0x080002b0                ERU1_2_IRQHandler
                0x080002b0                CCU41_1_IRQHandler
                0x080002b0                DSD0_6_IRQHandler
                0x080002b0                VADC0_G1_2_IRQHandler
                0x080002b0                USIC2_3_IRQHandler
                0x080002b0                CAN0_2_IRQHandler
                0x080002b0                USIC2_0_IRQHandler
                0x080002b0                VADC0_G0_2_IRQHandler
                0x080002b0                VADC0_G2_1_IRQHandler
                0x080002b0                CAN0_3_IRQHandler
                0x080002b0                ETH0_0_IRQHandler
                0x080002b0                USIC0_3_IRQHandler
                0x080002b0                DSD0_0_IRQHandler
                0x080002b0                CCU42_0_IRQHandler
                0x080002b0                FCE0_0_IRQHandler
                0x080002b0                VADC0_G1_0_IRQHandler
                0x080002b0                CAN0_5_IRQHandler
                0x080002b0                CCU80_0_IRQHandler
                0x080002b0                CCU40_1_IRQHandler
                0x080002b0                USIC2_1_IRQHandler
                0x080002b0                USIC0_1_IRQHandler
                0x080002b0                VADC0_G3_2_IRQHandler
                0x080002b0                CCU40_3_IRQHandler
                0x080002b0                BusFault_Handler
                0x080002b0                LEDTS0_0_IRQHandler
                0x080002b0                USIC0_4_IRQHandler
                0x080002b0                CCU43_3_IRQHandler
                0x080002b0                ERU0_1_IRQHandler
                0x080002b0                VADC0_G3_0_IRQHandler
                0x080002b0                USIC1_2_IRQHandler
                0x080002b0                DSD0_3_IRQHandler
                0x080002b0                SDMMC0_0_IRQHandler
                0x080002b0                CAN0_1_IRQHandler
                0x080002b0                USIC0_2_IRQHandler
                0x080002b0                DAC0_1_IRQHandler
                0x080002b0                GPDMA1_0_IRQHandler
 *(.text .text.* .gnu.linkonce.t.*)
 .text.XMC_USIC_CH_TXFIFO_IsFull
                0x080002b4       0x28 ./_Quadrocopter/_HAL/UART/UARTdev.o
 .text.XMC_USIC_CH_RXFIFO_IsEmpty
                0x080002dc       0x28 ./_Quadrocopter/_HAL/UART/UARTdev.o
 .text.UART_GetReceivedWord
                0x08000304       0x20 ./_Quadrocopter/_HAL/UART/UARTdev.o
 .text.UART_TransmitWord
                0x08000324       0x24 ./_Quadrocopter/_HAL/UART/UARTdev.o
 .text.UART_IsTXFIFOFull
                0x08000348       0x1c ./_Quadrocopter/_HAL/UART/UARTdev.o
 .text.UART_IsRXFIFOEmpty
                0x08000364       0x1c ./_Quadrocopter/_HAL/UART/UARTdev.o
 .text.UART_WriteDataBytes
                0x08000380       0x44 ./_Quadrocopter/_HAL/UART/UARTdev.o
                0x08000380                UART_WriteDataBytes
 .text.UART_ReadDataBytes
                0x080003c4       0x48 ./_Quadrocopter/_HAL/UART/UARTdev.o
                0x080003c4                UART_ReadDataBytes
 .text.XMC_USIC_CH_SetInputSource
                0x0800040c       0x3c ./_Quadrocopter/_HAL/I2C/I2Cdev.o
 .text.XMC_USIC_CH_RXFIFO_IsEmpty
                0x08000448       0x28 ./_Quadrocopter/_HAL/I2C/I2Cdev.o
 .text.XMC_USIC_CH_SetMode
                0x08000470       0x28 ./_Quadrocopter/_HAL/I2C/I2Cdev.o
 .text.XMC_I2C_CH_Start
                0x08000498       0x18 ./_Quadrocopter/_HAL/I2C/I2Cdev.o
 .text.XMC_I2C_CH_SetInputSource
                0x080004b0       0x44 ./_Quadrocopter/_HAL/I2C/I2Cdev.o
 .text.XMC_I2C_CH_GetStatusFlag
                0x080004f4       0x18 ./_Quadrocopter/_HAL/I2C/I2Cdev.o
 .text.XMC_I2C_CH_ClearStatusFlag
                0x0800050c       0x20 ./_Quadrocopter/_HAL/I2C/I2Cdev.o
 .text.setupI2CInterfaceFIFO
                0x0800052c       0x64 ./_Quadrocopter/_HAL/I2C/I2Cdev.o
                0x0800052c                setupI2CInterfaceFIFO
 .text.I2Cdev_writeByte
                0x08000590      0x10c ./_Quadrocopter/_HAL/I2C/I2Cdev.o
                0x08000590                I2Cdev_writeByte
 .text.I2Cdev_readByte
                0x0800069c      0x124 ./_Quadrocopter/_HAL/I2C/I2Cdev.o
                0x0800069c                I2Cdev_readByte
 .text.I2Cdev_readBytes
                0x080007c0      0x1cc ./_Quadrocopter/_HAL/I2C/I2Cdev.o
                0x080007c0                I2Cdev_readBytes
 .text.delay    0x0800098c       0x2c ./_Quadrocopter/_HAL/Delay/util.o
                0x0800098c                delay
 .text.getDelaymillis
                0x080009b8       0x18 ./_Quadrocopter/_HAL/Delay/util.o
                0x080009b8                getDelaymillis
 .text.CCU43_0_IRQHandler
                0x080009d0       0x1c ./_Quadrocopter/_HAL/Delay/util.o
                0x080009d0                CCU43_0_IRQHandler
 .text.FIR_FILTER
                0x080009ec       0xcc ./_Quadrocopter/_FIR_Filter/FIR_Filter.o
                0x080009ec                FIR_FILTER
 .text.Initialize_FIR_Filter
                0x08000ab8       0x8c ./_Quadrocopter/_FIR_Filter/FIR_Filter.o
                0x08000ab8                Initialize_FIR_Filter
 .text.MadgwickQuaternionUpdateWithouMag
                0x08000b44      0x53c ./_Quadrocopter/Sensors/MPU9X50/Filter/QuaternionFilters.o
                0x08000b44                MadgwickQuaternionUpdateWithouMag
 .text.NVIC_EnableIRQ
                0x08001080       0x30 ./_Quadrocopter/Sensors/MPU9X50/MPU9250.o
 .text.INTERRUPT_Enable
                0x080010b0       0x1c ./_Quadrocopter/Sensors/MPU9X50/MPU9250.o
 .text.MPU9150_Setup
                0x080010cc       0x80 ./_Quadrocopter/Sensors/MPU9X50/MPU9250.o
                0x080010cc                MPU9150_Setup
 .text.MPU9150_Init
                0x0800114c       0xe4 ./_Quadrocopter/Sensors/MPU9X50/MPU9250.o
                0x0800114c                MPU9150_Init
 .text.MPU9150_SelfTest
                0x08001230      0x304 ./_Quadrocopter/Sensors/MPU9X50/MPU9250.o
                0x08001230                MPU9150_SelfTest
 .text.getGres  0x08001534       0x64 ./_Quadrocopter/Sensors/MPU9X50/MPU9250.o
                0x08001534                getGres
 .text.getAres  0x08001598       0x5c ./_Quadrocopter/Sensors/MPU9X50/MPU9250.o
                0x08001598                getAres
 .text.GetAngles
                0x080015f4      0x110 ./_Quadrocopter/Sensors/MPU9X50/MPU9250.o
                0x080015f4                GetAngles
 .text.ERU1_0_IRQHandler
                0x08001704      0x788 ./_Quadrocopter/Sensors/MPU9X50/MPU9250.o
                0x08001704                ERU1_0_IRQHandler
 .text.updateValues
                0x08001e8c      0x288 ./_Quadrocopter/Sensors/DPS310/DPS310.o
                0x08001e8c                updateValues
 .text.ERU1_3_IRQHandler
                0x08002114       0x78 ./_Quadrocopter/Sensors/DPS310/DPS310.o
                0x08002114                ERU1_3_IRQHandler
 .text.getPressure
                0x0800218c       0x4c ./_Quadrocopter/Sensors/DPS310/DPS310.o
                0x0800218c                getPressure
 .text.getTemperature
                0x080021d8       0x4c ./_Quadrocopter/Sensors/DPS310/DPS310.o
                0x080021d8                getTemperature
 .text.initBluetoothStorage
                0x08002224       0x80 ./_Quadrocopter/RemoteControl/BluetoothProtocol/BluetoothProtocol.o
                0x08002224                initBluetoothStorage
 .text.maintainBluetoothInputBuffer
                0x080022a4      0x1e4 ./_Quadrocopter/RemoteControl/BluetoothProtocol/BluetoothProtocol.o
                0x080022a4                maintainBluetoothInputBuffer
 .text.XMC_USIC_CH_RXFIFO_Flush
                0x08002488       0x1c ./_Quadrocopter/RemoteControl/RCReceive.o
 .text.GetRCData
                0x080024a4      0x1e0 ./_Quadrocopter/RemoteControl/RCReceive.o
                0x080024a4                GetRCData
 .text.mergeBytes
                0x08002684       0x28 ./_Quadrocopter/RemoteControl/RCReceive.o
                0x08002684                mergeBytes
 .text.CCU41_2_IRQHandler
                0x080026ac       0x20 ./_Quadrocopter/RemoteControl/RCReceive.o
                0x080026ac                CCU41_2_IRQHandler
 .text.USIC1_0_IRQHandler
                0x080026cc      0x240 ./_Quadrocopter/RemoteControl/RCReceive.o
                0x080026cc                USIC1_0_IRQHandler
 .text.USIC0_5_IRQHandler
                0x0800290c      0x108 ./_Quadrocopter/RemoteControl/RCReceive.o
                0x0800290c                USIC0_5_IRQHandler
 .text.WatchRC  0x08002a14       0x68 ./_Quadrocopter/RemoteControl/RCReceive.o
                0x08002a14                WatchRC
 .text.WatchRC_Init
                0x08002a7c       0x38 ./_Quadrocopter/RemoteControl/RCReceive.o
                0x08002a7c                WatchRC_Init
 .text.map      0x08002ab4       0x38 ./_Quadrocopter/RemoteControl/RCReceive.o
                0x08002ab4                map
 .text.VADC0_C0_2_IRQHandler
                0x08002aec       0x98 ./_Quadrocopter/BatterySafety/BatterySafety.o
                0x08002aec                VADC0_C0_2_IRQHandler
 .text.NVIC_EnableIRQ
                0x08002b84       0x30 ./_Quadrocopter/Attitude_Control/AttitudeController.o
 .text.NVIC_DisableIRQ
                0x08002bb4       0x34 ./_Quadrocopter/Attitude_Control/AttitudeController.o
 .text.INTERRUPT_Enable
                0x08002be8       0x1c ./_Quadrocopter/Attitude_Control/AttitudeController.o
 .text.INTERRUPT_Disable
                0x08002c04       0x1c ./_Quadrocopter/Attitude_Control/AttitudeController.o
 .text.UART_SetRXFIFOTriggerLimit
                0x08002c20       0x28 ./_Quadrocopter/Attitude_Control/AttitudeController.o
 .text.CCU43_1_IRQHandler
                0x08002c48      0x2b8 ./_Quadrocopter/Attitude_Control/AttitudeController.o
                0x08002c48                CCU43_1_IRQHandler
 .text.AngleController
                0x08002f00      0x114 ./_Quadrocopter/Attitude_Control/AttitudeController.o
                0x08002f00                AngleController
 *fill*         0x08003014        0x4 
 .text.AngleRateController
                0x08003018       0x90 ./_Quadrocopter/Attitude_Control/AttitudeController.o
                0x08003018                AngleRateController
 .text.CreatePulseWidth
                0x080030a8      0x200 ./_Quadrocopter/Attitude_Control/AttitudeController.o
                0x080030a8                CreatePulseWidth
 .text.setup    0x080032a8      0x334 ./_Quadrocopter/Attitude_Control/AttitudeController.o
                0x080032a8                setup
 .text.setup_STATE_LEDs
                0x080035dc       0x64 ./_Quadrocopter/Attitude_Control/AttitudeController.o
                0x080035dc                setup_STATE_LEDs
 .text.setup_UART_Trigger_limits
                0x08003640       0x20 ./_Quadrocopter/Attitude_Control/AttitudeController.o
                0x08003640                setup_UART_Trigger_limits
 .text.disableIRQ
                0x08003660       0x60 ./_Quadrocopter/Attitude_Control/AttitudeController.o
                0x08003660                disableIRQ
 .text.enableIRQ
                0x080036c0       0x4c ./_Quadrocopter/Attitude_Control/AttitudeController.o
                0x080036c0                enableIRQ
 .text.SystemInit
                0x0800370c       0x20 ./Startup/system_XMC4500.o
                0x0800370c                SystemInit
 .text.SystemCoreClockUpdate
                0x0800372c       0xd4 ./Startup/system_XMC4500.o
                0x0800372c                SystemCoreClockUpdate
 .text.XMC_ERU_Enable
                0x08003800       0x24 ./Libraries/XMCLib/src/xmc4_eru.o
                0x08003800                XMC_ERU_Enable
 .text.XMC_GPIO_Init
                0x08003824      0x140 ./Libraries/XMCLib/src/xmc4_gpio.o
                0x08003824                XMC_GPIO_Init
 .text.XMC_SCU_CLOCK_GetCpuClockFrequency
                0x08003964       0x18 ./Libraries/XMCLib/src/xmc4_scu.o
 .text.XMC_SCU_lDelay
                0x0800397c       0x44 ./Libraries/XMCLib/src/xmc4_scu.o
 .text.XMC_SCU_CLOCK_Init
                0x080039c0       0xbc ./Libraries/XMCLib/src/xmc4_scu.o
                0x080039c0                XMC_SCU_CLOCK_Init
 .text.XMC_SCU_INTERRUPT_EnableNmiRequest
                0x08003a7c       0x24 ./Libraries/XMCLib/src/xmc4_scu.o
                0x08003a7c                XMC_SCU_INTERRUPT_EnableNmiRequest
 .text.XMC_SCU_RESET_AssertPeripheralReset
                0x08003aa0       0x38 ./Libraries/XMCLib/src/xmc4_scu.o
                0x08003aa0                XMC_SCU_RESET_AssertPeripheralReset
 .text.XMC_SCU_RESET_DeassertPeripheralReset
                0x08003ad8       0x38 ./Libraries/XMCLib/src/xmc4_scu.o
                0x08003ad8                XMC_SCU_RESET_DeassertPeripheralReset
 .text.XMC_SCU_CLOCK_GetPeripheralClockFrequency
                0x08003b10       0x20 ./Libraries/XMCLib/src/xmc4_scu.o
                0x08003b10                XMC_SCU_CLOCK_GetPeripheralClockFrequency
 .text.XMC_SCU_CLOCK_SetSystemClockSource
                0x08003b30       0x28 ./Libraries/XMCLib/src/xmc4_scu.o
                0x08003b30                XMC_SCU_CLOCK_SetSystemClockSource
 .text.XMC_SCU_CLOCK_SetUsbClockSource
                0x08003b58       0x28 ./Libraries/XMCLib/src/xmc4_scu.o
                0x08003b58                XMC_SCU_CLOCK_SetUsbClockSource
 .text.XMC_SCU_CLOCK_SetWdtClockSource
                0x08003b80       0x28 ./Libraries/XMCLib/src/xmc4_scu.o
                0x08003b80                XMC_SCU_CLOCK_SetWdtClockSource
 .text.XMC_SCU_CLOCK_SetSystemPllClockSource
                0x08003ba8       0x40 ./Libraries/XMCLib/src/xmc4_scu.o
                0x08003ba8                XMC_SCU_CLOCK_SetSystemPllClockSource
 .text.XMC_SCU_HIB_SetRtcClockSource
                0x08003be8       0x3c ./Libraries/XMCLib/src/xmc4_scu.o
                0x08003be8                XMC_SCU_HIB_SetRtcClockSource
 .text.XMC_SCU_HIB_SetStandbyClockSource
                0x08003c24       0x3c ./Libraries/XMCLib/src/xmc4_scu.o
                0x08003c24                XMC_SCU_HIB_SetStandbyClockSource
 .text.XMC_SCU_CLOCK_SetSystemClockDivider
                0x08003c60       0x28 ./Libraries/XMCLib/src/xmc4_scu.o
                0x08003c60                XMC_SCU_CLOCK_SetSystemClockDivider
 .text.XMC_SCU_CLOCK_SetCcuClockDivider
                0x08003c88       0x28 ./Libraries/XMCLib/src/xmc4_scu.o
                0x08003c88                XMC_SCU_CLOCK_SetCcuClockDivider
 .text.XMC_SCU_CLOCK_SetCpuClockDivider
                0x08003cb0       0x28 ./Libraries/XMCLib/src/xmc4_scu.o
                0x08003cb0                XMC_SCU_CLOCK_SetCpuClockDivider
 .text.XMC_SCU_CLOCK_SetPeripheralClockDivider
                0x08003cd8       0x28 ./Libraries/XMCLib/src/xmc4_scu.o
                0x08003cd8                XMC_SCU_CLOCK_SetPeripheralClockDivider
 .text.XMC_SCU_CLOCK_SetUsbClockDivider
                0x08003d00       0x28 ./Libraries/XMCLib/src/xmc4_scu.o
                0x08003d00                XMC_SCU_CLOCK_SetUsbClockDivider
 .text.XMC_SCU_CLOCK_SetEbuClockDivider
                0x08003d28       0x28 ./Libraries/XMCLib/src/xmc4_scu.o
                0x08003d28                XMC_SCU_CLOCK_SetEbuClockDivider
 .text.XMC_SCU_CLOCK_SetWdtClockDivider
                0x08003d50       0x28 ./Libraries/XMCLib/src/xmc4_scu.o
                0x08003d50                XMC_SCU_CLOCK_SetWdtClockDivider
 .text.XMC_SCU_CLOCK_EnableClock
                0x08003d78       0x20 ./Libraries/XMCLib/src/xmc4_scu.o
                0x08003d78                XMC_SCU_CLOCK_EnableClock
 .text.XMC_SCU_CLOCK_StartUsbPll
                0x08003d98       0x74 ./Libraries/XMCLib/src/xmc4_scu.o
                0x08003d98                XMC_SCU_CLOCK_StartUsbPll
 .text.XMC_SCU_CLOCK_SetBackupClockCalibrationMode
                0x08003e0c       0x4c ./Libraries/XMCLib/src/xmc4_scu.o
                0x08003e0c                XMC_SCU_CLOCK_SetBackupClockCalibrationMode
 .text.XMC_SCU_POWER_EnableUsb
                0x08003e58       0x18 ./Libraries/XMCLib/src/xmc4_scu.o
                0x08003e58                XMC_SCU_POWER_EnableUsb
 .text.XMC_SCU_POWER_DisableUsb
                0x08003e70       0x18 ./Libraries/XMCLib/src/xmc4_scu.o
                0x08003e70                XMC_SCU_POWER_DisableUsb
 .text.XMC_SCU_HIB_EnableHibernateDomain
                0x08003e88       0x58 ./Libraries/XMCLib/src/xmc4_scu.o
                0x08003e88                XMC_SCU_HIB_EnableHibernateDomain
 .text.XMC_SCU_CLOCK_EnableLowPowerOscillator
                0x08003ee0       0x74 ./Libraries/XMCLib/src/xmc4_scu.o
                0x08003ee0                XMC_SCU_CLOCK_EnableLowPowerOscillator
 .text.XMC_SCU_CLOCK_EnableHighPerformanceOscillator
                0x08003f54       0x60 ./Libraries/XMCLib/src/xmc4_scu.o
                0x08003f54                XMC_SCU_CLOCK_EnableHighPerformanceOscillator
 .text.XMC_SCU_CLOCK_EnableSystemPll
                0x08003fb4       0x20 ./Libraries/XMCLib/src/xmc4_scu.o
                0x08003fb4                XMC_SCU_CLOCK_EnableSystemPll
 .text.XMC_SCU_CLOCK_DisableSystemPll
                0x08003fd4       0x20 ./Libraries/XMCLib/src/xmc4_scu.o
                0x08003fd4                XMC_SCU_CLOCK_DisableSystemPll
 .text.XMC_SCU_CLOCK_StartSystemPll
                0x08003ff4      0x1a0 ./Libraries/XMCLib/src/xmc4_scu.o
                0x08003ff4                XMC_SCU_CLOCK_StartSystemPll
 .text.XMC_SCU_CLOCK_StepSystemPllFrequency
                0x08004194       0x2c ./Libraries/XMCLib/src/xmc4_scu.o
                0x08004194                XMC_SCU_CLOCK_StepSystemPllFrequency
 .text.XMC_CCU4_StartPrescaler
                0x080041c0       0x20 ./Libraries/XMCLib/src/xmc_ccu4.o
 .text.XMC_CCU4_lDeassertReset
                0x080041e0       0x68 ./Libraries/XMCLib/src/xmc_ccu4.o
 .text.XMC_CCU4_EnableModule
                0x08004248       0x1c ./Libraries/XMCLib/src/xmc_ccu4.o
                0x08004248                XMC_CCU4_EnableModule
 .text.XMC_CCU4_Init
                0x08004264       0x3c ./Libraries/XMCLib/src/xmc_ccu4.o
                0x08004264                XMC_CCU4_Init
 .text.XMC_CCU4_SetMultiChannelShadowTransferMode
                0x080042a0       0x38 ./Libraries/XMCLib/src/xmc_ccu4.o
                0x080042a0                XMC_CCU4_SetMultiChannelShadowTransferMode
 .text.XMC_CCU4_SLICE_CompareInit
                0x080042d8       0x6c ./Libraries/XMCLib/src/xmc_ccu4.o
                0x080042d8                XMC_CCU4_SLICE_CompareInit
 .text.XMC_CCU4_SLICE_StartConfig
                0x08004344       0x5c ./Libraries/XMCLib/src/xmc_ccu4.o
                0x08004344                XMC_CCU4_SLICE_StartConfig
 .text.XMC_CCU4_SLICE_StopConfig
                0x080043a0       0x58 ./Libraries/XMCLib/src/xmc_ccu4.o
                0x080043a0                XMC_CCU4_SLICE_StopConfig
 .text.XMC_CCU4_SLICE_LoadConfig
                0x080043f8       0x34 ./Libraries/XMCLib/src/xmc_ccu4.o
                0x080043f8                XMC_CCU4_SLICE_LoadConfig
 .text.XMC_CCU4_SLICE_ModulationConfig
                0x0800442c       0x80 ./Libraries/XMCLib/src/xmc_ccu4.o
                0x0800442c                XMC_CCU4_SLICE_ModulationConfig
 .text.XMC_CCU4_SLICE_CountConfig
                0x080044ac       0x34 ./Libraries/XMCLib/src/xmc_ccu4.o
                0x080044ac                XMC_CCU4_SLICE_CountConfig
 .text.XMC_CCU4_SLICE_GateConfig
                0x080044e0       0x34 ./Libraries/XMCLib/src/xmc_ccu4.o
                0x080044e0                XMC_CCU4_SLICE_GateConfig
 .text.XMC_CCU4_SLICE_DirectionConfig
                0x08004514       0x34 ./Libraries/XMCLib/src/xmc_ccu4.o
                0x08004514                XMC_CCU4_SLICE_DirectionConfig
 .text.XMC_CCU4_SLICE_StatusBitOverrideConfig
                0x08004548       0x30 ./Libraries/XMCLib/src/xmc_ccu4.o
                0x08004548                XMC_CCU4_SLICE_StatusBitOverrideConfig
 .text.XMC_CCU4_SLICE_TrapConfig
                0x08004578       0x74 ./Libraries/XMCLib/src/xmc_ccu4.o
                0x08004578                XMC_CCU4_SLICE_TrapConfig
 .text.XMC_CCU4_SLICE_ConfigureStatusBitOverrideEvent
                0x080045ec       0xc4 ./Libraries/XMCLib/src/xmc_ccu4.o
                0x080045ec                XMC_CCU4_SLICE_ConfigureStatusBitOverrideEvent
 .text.XMC_CCU4_SLICE_ConfigureEvent
                0x080046b0       0xd4 ./Libraries/XMCLib/src/xmc_ccu4.o
                0x080046b0                XMC_CCU4_SLICE_ConfigureEvent
 .text.XMC_CCU4_SLICE_SetInterruptNode
                0x08004784       0xb0 ./Libraries/XMCLib/src/xmc_ccu4.o
                0x08004784                XMC_CCU4_SLICE_SetInterruptNode
 .text.XMC_ERU_ETL_Init
                0x08004834       0x4c ./Libraries/XMCLib/src/xmc_eru.o
                0x08004834                XMC_ERU_ETL_Init
 .text.XMC_ERU_OGU_Init
                0x08004880       0x28 ./Libraries/XMCLib/src/xmc_eru.o
                0x08004880                XMC_ERU_OGU_Init
 .text.XMC_GPIO_SetHardwareControl
                0x080048a8       0x44 ./Libraries/XMCLib/src/xmc_gpio.o
                0x080048a8                XMC_GPIO_SetHardwareControl
 .text.XMC_USIC_CH_GetTransmitBufferStatus
                0x080048ec       0x20 ./Libraries/XMCLib/src/xmc_i2c.o
 .text.XMC_I2C_CH_ClearStatusFlag
                0x0800490c       0x20 ./Libraries/XMCLib/src/xmc_i2c.o
 .text.XMC_I2C_CH_Init
                0x0800492c       0x50 ./Libraries/XMCLib/src/xmc_i2c.o
                0x0800492c                XMC_I2C_CH_Init
 .text.XMC_I2C_CH_SetSlaveAddress
                0x0800497c       0x40 ./Libraries/XMCLib/src/xmc_i2c.o
                0x0800497c                XMC_I2C_CH_SetSlaveAddress
 .text.XMC_I2C_CH_SetBaudrate
                0x080049bc       0x78 ./Libraries/XMCLib/src/xmc_i2c.o
                0x080049bc                XMC_I2C_CH_SetBaudrate
 .text.XMC_I2C_CH_MasterStart
                0x08004a34       0x68 ./Libraries/XMCLib/src/xmc_i2c.o
                0x08004a34                XMC_I2C_CH_MasterStart
 .text.XMC_I2C_CH_MasterRepeatedStart
                0x08004a9c       0x68 ./Libraries/XMCLib/src/xmc_i2c.o
                0x08004a9c                XMC_I2C_CH_MasterRepeatedStart
 .text.XMC_I2C_CH_MasterStop
                0x08004b04       0x4c ./Libraries/XMCLib/src/xmc_i2c.o
                0x08004b04                XMC_I2C_CH_MasterStop
 .text.XMC_I2C_CH_MasterTransmit
                0x08004b50       0x4c ./Libraries/XMCLib/src/xmc_i2c.o
                0x08004b50                XMC_I2C_CH_MasterTransmit
 .text.XMC_I2C_CH_MasterReceiveAck
                0x08004b9c       0x4c ./Libraries/XMCLib/src/xmc_i2c.o
                0x08004b9c                XMC_I2C_CH_MasterReceiveAck
 .text.XMC_I2C_CH_MasterReceiveNack
                0x08004be8       0x4c ./Libraries/XMCLib/src/xmc_i2c.o
                0x08004be8                XMC_I2C_CH_MasterReceiveNack
 .text.XMC_I2C_CH_GetReceivedData
                0x08004c34       0x34 ./Libraries/XMCLib/src/xmc_i2c.o
                0x08004c34                XMC_I2C_CH_GetReceivedData
 .text.XMC_USIC_CH_GetTransmitBufferStatus
                0x08004c68       0x20 ./Libraries/XMCLib/src/xmc_uart.o
 .text.XMC_UART_CH_ClearStatusFlag
                0x08004c88       0x1c ./Libraries/XMCLib/src/xmc_uart.o
 .text.XMC_UART_CH_Init
                0x08004ca4       0xa8 ./Libraries/XMCLib/src/xmc_uart.o
                0x08004ca4                XMC_UART_CH_Init
 .text.XMC_UART_CH_Transmit
                0x08004d4c       0x4c ./Libraries/XMCLib/src/xmc_uart.o
                0x08004d4c                XMC_UART_CH_Transmit
 .text.XMC_UART_CH_GetReceivedData
                0x08004d98       0x34 ./Libraries/XMCLib/src/xmc_uart.o
                0x08004d98                XMC_UART_CH_GetReceivedData
 .text.XMC_USBD_lDeviceActive
                0x08004dcc       0x6c ./Libraries/XMCLib/src/xmc_usbd.o
                0x08004dcc                XMC_USBD_lDeviceActive
 .text.XMC_USBD_lReadFifo
                0x08004e38       0xe8 ./Libraries/XMCLib/src/xmc_usbd.o
 .text.XMC_USBD_lWriteFifo
                0x08004f20       0xa4 ./Libraries/XMCLib/src/xmc_usbd.o
 .text.XMC_USBD_lFlushTXFifo
                0x08004fc4       0x84 ./Libraries/XMCLib/src/xmc_usbd.o
 .text.XMC_USBD_lFlushRXFifo
                0x08005048       0x68 ./Libraries/XMCLib/src/xmc_usbd.o
 .text.XMC_USBD_lAssignTXFifo
                0x080050b0       0x70 ./Libraries/XMCLib/src/xmc_usbd.o
 .text.XMC_USBD_lUnassignFifo
                0x08005120       0x38 ./Libraries/XMCLib/src/xmc_usbd.o
 .text.XMC_USBD_lStartReadXfer
                0x08005158      0x178 ./Libraries/XMCLib/src/xmc_usbd.o
 .text.XMC_USBD_lStartWriteXfer
                0x080052d0      0x194 ./Libraries/XMCLib/src/xmc_usbd.o
 .text.XMC_USBD_lHandleUSBReset
                0x08005464      0x14c ./Libraries/XMCLib/src/xmc_usbd.o
 .text.XMC_USBD_lHandleOTGInt
                0x080055b0       0x48 ./Libraries/XMCLib/src/xmc_usbd.o
 .text.XMC_USBD_lHandleEnumDone
                0x080055f8       0x78 ./Libraries/XMCLib/src/xmc_usbd.o
 .text.XMC_USBD_lHandleOEPInt
                0x08005670      0x1b8 ./Libraries/XMCLib/src/xmc_usbd.o
 .text.XMC_USBD_lHandleIEPInt
                0x08005828      0x1b8 ./Libraries/XMCLib/src/xmc_usbd.o
 .text.XMC_USBD_lHandleRxFLvl
                0x080059e0       0x80 ./Libraries/XMCLib/src/xmc_usbd.o
 .text.XMC_USBD_IRQHandler
                0x08005a60      0x14c ./Libraries/XMCLib/src/xmc_usbd.o
                0x08005a60                XMC_USBD_IRQHandler
 .text.XMC_USBD_Enable
                0x08005bac       0x14 ./Libraries/XMCLib/src/xmc_usbd.o
                0x08005bac                XMC_USBD_Enable
 .text.XMC_USBD_Disable
                0x08005bc0       0x14 ./Libraries/XMCLib/src/xmc_usbd.o
                0x08005bc0                XMC_USBD_Disable
 .text.XMC_USBD_ClearEvent
                0x08005bd4       0xc8 ./Libraries/XMCLib/src/xmc_usbd.o
                0x08005bd4                XMC_USBD_ClearEvent
 .text.XMC_USBD_lClearEventOTG
                0x08005c9c       0x28 ./Libraries/XMCLib/src/xmc_usbd.o
 .text.XMC_USBD_ClearEventINEP
                0x08005cc4       0x2c ./Libraries/XMCLib/src/xmc_usbd.o
                0x08005cc4                XMC_USBD_ClearEventINEP
 .text.XMC_USBD_ClearEventOUTEP
                0x08005cf0       0x30 ./Libraries/XMCLib/src/xmc_usbd.o
                0x08005cf0                XMC_USBD_ClearEventOUTEP
 .text.XMC_USBD_EnableEventOUTEP
                0x08005d20       0x30 ./Libraries/XMCLib/src/xmc_usbd.o
                0x08005d20                XMC_USBD_EnableEventOUTEP
 .text.XMC_USBD_EnableEventINEP
                0x08005d50       0x30 ./Libraries/XMCLib/src/xmc_usbd.o
                0x08005d50                XMC_USBD_EnableEventINEP
 .text.XMC_USBD_GetCapabilities
                0x08005d80       0x68 ./Libraries/XMCLib/src/xmc_usbd.o
                0x08005d80                XMC_USBD_GetCapabilities
 .text.XMC_USBD_Init
                0x08005de8      0x23c ./Libraries/XMCLib/src/xmc_usbd.o
                0x08005de8                XMC_USBD_Init
 .text.XMC_USBD_Uninitialize
                0x08006024       0x3c ./Libraries/XMCLib/src/xmc_usbd.o
                0x08006024                XMC_USBD_Uninitialize
 .text.XMC_USBD_DeviceConnect
                0x08006060       0x34 ./Libraries/XMCLib/src/xmc_usbd.o
                0x08006060                XMC_USBD_DeviceConnect
 .text.XMC_USBD_DeviceDisconnect
                0x08006094       0x34 ./Libraries/XMCLib/src/xmc_usbd.o
                0x08006094                XMC_USBD_DeviceDisconnect
 .text.XMC_USBD_DeviceGetState
                0x080060c8       0x64 ./Libraries/XMCLib/src/xmc_usbd.o
                0x080060c8                XMC_USBD_DeviceGetState
 .text.XMC_USBD_EndpointReadStart
                0x0800612c       0x8c ./Libraries/XMCLib/src/xmc_usbd.o
                0x0800612c                XMC_USBD_EndpointReadStart
 .text.XMC_USBD_EndpointRead
                0x080061b8       0x78 ./Libraries/XMCLib/src/xmc_usbd.o
                0x080061b8                XMC_USBD_EndpointRead
 .text.XMC_USBD_EndpointWrite
                0x08006230       0xa8 ./Libraries/XMCLib/src/xmc_usbd.o
                0x08006230                XMC_USBD_EndpointWrite
 .text.XMC_USBD_DeviceSetAddress
                0x080062d8       0x4c ./Libraries/XMCLib/src/xmc_usbd.o
                0x080062d8                XMC_USBD_DeviceSetAddress
 .text.XMC_USBD_EndpointStall
                0x08006324      0x14c ./Libraries/XMCLib/src/xmc_usbd.o
                0x08006324                XMC_USBD_EndpointStall
 .text.XMC_USBD_EndpointAbort
                0x08006470       0x88 ./Libraries/XMCLib/src/xmc_usbd.o
                0x08006470                XMC_USBD_EndpointAbort
 .text.XMC_USBD_EndpointConfigure
                0x080064f8      0x2f4 ./Libraries/XMCLib/src/xmc_usbd.o
                0x080064f8                XMC_USBD_EndpointConfigure
 .text.XMC_USBD_EndpointUnconfigure
                0x080067ec      0x170 ./Libraries/XMCLib/src/xmc_usbd.o
                0x080067ec                XMC_USBD_EndpointUnconfigure
 .text.XMC_USBD_GetFrameNumber
                0x0800695c       0x2c ./Libraries/XMCLib/src/xmc_usbd.o
                0x0800695c                XMC_USBD_GetFrameNumber
 .text.XMC_USBD_IsEnumDone
                0x08006988       0x38 ./Libraries/XMCLib/src/xmc_usbd.o
                0x08006988                XMC_USBD_IsEnumDone
 .text.XMC_USIC_CH_Enable
                0x080069c0       0x98 ./Libraries/XMCLib/src/xmc_usic.o
                0x080069c0                XMC_USIC_CH_Enable
 .text.XMC_USIC_CH_SetBaudrate
                0x08006a58       0xe0 ./Libraries/XMCLib/src/xmc_usic.o
                0x08006a58                XMC_USIC_CH_SetBaudrate
 .text.XMC_USIC_CH_RXFIFO_Configure
                0x08006b38       0x54 ./Libraries/XMCLib/src/xmc_usic.o
                0x08006b38                XMC_USIC_CH_RXFIFO_Configure
 .text.XMC_USIC_CH_RXFIFO_SetSizeTriggerLimit
                0x08006b8c       0x44 ./Libraries/XMCLib/src/xmc_usic.o
                0x08006b8c                XMC_USIC_CH_RXFIFO_SetSizeTriggerLimit
 .text.XMC_USIC_CH_SetInterruptNodePointer
                0x08006bd0       0x38 ./Libraries/XMCLib/src/xmc_usic.o
                0x08006bd0                XMC_USIC_CH_SetInterruptNodePointer
 .text.XMC_USIC_CH_RXFIFO_SetInterruptNodePointer
                0x08006c08       0x3c ./Libraries/XMCLib/src/xmc_usic.o
                0x08006c08                XMC_USIC_CH_RXFIFO_SetInterruptNodePointer
 .text.XMC_USIC_Enable
                0x08006c44       0x54 ./Libraries/XMCLib/src/xmc_usic.o
                0x08006c44                XMC_USIC_Enable
 .text.XMC_VADC_GROUP_ExternalMuxControlInit
                0x08006c98       0x6c ./Libraries/XMCLib/src/xmc_vadc.o
 .text.XMC_VADC_GROUP_BackgroundEnableArbitrationSlot
                0x08006d04       0x24 ./Libraries/XMCLib/src/xmc_vadc.o
 .text.XMC_VADC_GROUP_BackgroundDisableArbitrationSlot
                0x08006d28       0x24 ./Libraries/XMCLib/src/xmc_vadc.o
 .text.XMC_VADC_GLOBAL_EnableModule
                0x08006d4c        0xc ./Libraries/XMCLib/src/xmc_vadc.o
                0x08006d4c                XMC_VADC_GLOBAL_EnableModule
 .text.XMC_VADC_GLOBAL_Init
                0x08006d58       0x54 ./Libraries/XMCLib/src/xmc_vadc.o
                0x08006d58                XMC_VADC_GLOBAL_Init
 .text.XMC_VADC_GLOBAL_InputClassInit
                0x08006dac       0x48 ./Libraries/XMCLib/src/xmc_vadc.o
                0x08006dac                XMC_VADC_GLOBAL_InputClassInit
 .text.XMC_VADC_GLOBAL_StartupCalibration
                0x08006df4       0x60 ./Libraries/XMCLib/src/xmc_vadc.o
                0x08006df4                XMC_VADC_GLOBAL_StartupCalibration
 .text.XMC_VADC_GLOBAL_BackgroundSetReqSrcEventInterruptNode
                0x08006e54       0x48 ./Libraries/XMCLib/src/xmc_vadc.o
                0x08006e54                XMC_VADC_GLOBAL_BackgroundSetReqSrcEventInterruptNode
 .text.XMC_VADC_GROUP_Init
                0x08006e9c       0x68 ./Libraries/XMCLib/src/xmc_vadc.o
                0x08006e9c                XMC_VADC_GROUP_Init
 .text.XMC_VADC_GROUP_InputClassInit
                0x08006f04       0xb8 ./Libraries/XMCLib/src/xmc_vadc.o
                0x08006f04                XMC_VADC_GROUP_InputClassInit
 .text.XMC_VADC_GROUP_SetPowerMode
                0x08006fbc       0x38 ./Libraries/XMCLib/src/xmc_vadc.o
                0x08006fbc                XMC_VADC_GROUP_SetPowerMode
 .text.XMC_VADC_GLOBAL_BackgroundInit
                0x08006ff4       0xfc ./Libraries/XMCLib/src/xmc_vadc.o
                0x08006ff4                XMC_VADC_GLOBAL_BackgroundInit
 .text.XMC_VADC_GROUP_ChannelInit
                0x080070f0       0xc8 ./Libraries/XMCLib/src/xmc_vadc.o
                0x080070f0                XMC_VADC_GROUP_ChannelInit
 .text._sbrk    0x080071b8       0x68 ./Libraries/Newlib/syscalls.o
                0x080071b8                _sbrk
 .text._init    0x08007220        0xc ./Libraries/Newlib/syscalls.o
                0x08007220                _init
 .text.USBD_VCOM_Event_GetDescriptor
                0x0800722c       0xa0 ./Dave/Generated/USBD_VCOM/virtual_com/descriptors.o
                0x0800722c                USBD_VCOM_Event_GetDescriptor
 .text.Endpoint_IsSETUPReceived
                0x080072cc       0x2c ./Dave/Generated/USBD_VCOM/class_driver/device/cdc_class_device.o
 .text.Endpoint_ClearSETUP
                0x080072f8       0x20 ./Dave/Generated/USBD_VCOM/class_driver/device/cdc_class_device.o
 .text.Endpoint_ClearStatusStage
                0x08007318        0xc ./Dave/Generated/USBD_VCOM/class_driver/device/cdc_class_device.o
 .text.Endpoint_IsINReady
                0x08007324       0x58 ./Dave/Generated/USBD_VCOM/class_driver/device/cdc_class_device.o
 .text.Endpoint_IsOUTReceived
                0x0800737c       0x44 ./Dave/Generated/USBD_VCOM/class_driver/device/cdc_class_device.o
 .text.CDC_Device_ProcessControlRequest
                0x080073c0      0x184 ./Dave/Generated/USBD_VCOM/class_driver/device/cdc_class_device.o
                0x080073c0                CDC_Device_ProcessControlRequest
 .text.CDC_Device_ConfigureEndpoints
                0x08007544       0x88 ./Dave/Generated/USBD_VCOM/class_driver/device/cdc_class_device.o
                0x08007544                CDC_Device_ConfigureEndpoints
 .text.USBD_VCOM_Init
                0x080075cc       0x98 ./Dave/Generated/USBD_VCOM/usbd_vcom.o
                0x080075cc                USBD_VCOM_Init
 .text.USBD_VCOM_Register_USBEvent_CB
                0x08007664       0xa4 ./Dave/Generated/USBD_VCOM/usbd_vcom.o
                0x08007664                USBD_VCOM_Register_USBEvent_CB
 .text.USBD_VCOM_Event_ConfigurationChanged
                0x08007708       0x5c ./Dave/Generated/USBD_VCOM/usbd_vcom.o
                0x08007708                USBD_VCOM_Event_ConfigurationChanged
 .text.USBD_VCOM_Event_ControlRequest
                0x08007764       0x10 ./Dave/Generated/USBD_VCOM/usbd_vcom.o
                0x08007764                USBD_VCOM_Event_ControlRequest
 .text.USBD_VCOM_Event_Reset
                0x08007774       0x40 ./Dave/Generated/USBD_VCOM/usbd_vcom.o
                0x08007774                USBD_VCOM_Event_Reset
 .text.USBD_VCOM_CDCClass_Event_LineEncodingChanged
                0x080077b4       0x1c ./Dave/Generated/USBD_VCOM/usbd_vcom.o
                0x080077b4                USBD_VCOM_CDCClass_Event_LineEncodingChanged
 .text.USBD_VCOM_CDCClass_Event_ControlLineStateChanged
                0x080077d0       0x1c ./Dave/Generated/USBD_VCOM/usbd_vcom.o
                0x080077d0                USBD_VCOM_CDCClass_Event_ControlLineStateChanged
 .text.USBD_VCOM_CDCClass_Event_BreakSent
                0x080077ec       0x20 ./Dave/Generated/USBD_VCOM/usbd_vcom.o
                0x080077ec                USBD_VCOM_CDCClass_Event_BreakSent
 .text.USBD_VCOM_Connect
                0x0800780c       0x10 ./Dave/Generated/USBD_VCOM/usbd_vcom.o
                0x0800780c                USBD_VCOM_Connect
 .text.NVIC_EnableIRQ
                0x0800781c       0x30 ./Dave/Generated/USBD/usb/core/xmc4000/usbd_endpoint_xmc4000.o
 .text.NVIC_DisableIRQ
                0x0800784c       0x34 ./Dave/Generated/USBD/usb/core/xmc4000/usbd_endpoint_xmc4000.o
 .text.Endpoint_ClearIN
                0x08007880       0xa4 ./Dave/Generated/USBD/usb/core/xmc4000/usbd_endpoint_xmc4000.o
                0x08007880                Endpoint_ClearIN
 .text.Endpoint_Write_8
                0x08007924       0x68 ./Dave/Generated/USBD/usb/core/xmc4000/usbd_endpoint_xmc4000.o
                0x08007924                Endpoint_Write_8
 .text.Endpoint_Read_8
                0x0800798c       0x70 ./Dave/Generated/USBD/usb/core/xmc4000/usbd_endpoint_xmc4000.o
                0x0800798c                Endpoint_Read_8
 .text.Endpoint_Write_32_LE
                0x080079fc       0x68 ./Dave/Generated/USBD/usb/core/xmc4000/usbd_endpoint_xmc4000.o
                0x080079fc                Endpoint_Write_32_LE
 .text.Endpoint_Read_32_LE
                0x08007a64       0x70 ./Dave/Generated/USBD/usb/core/xmc4000/usbd_endpoint_xmc4000.o
                0x08007a64                Endpoint_Read_32_LE
 .text.Endpoint_ConfigureEndpointTable
                0x08007ad4      0x150 ./Dave/Generated/USBD/usb/core/xmc4000/usbd_endpoint_xmc4000.o
                0x08007ad4                Endpoint_ConfigureEndpointTable
 .text.NVIC_GetPriorityGrouping
                0x08007c24       0x1c ./Dave/Generated/USBD/usbd.o
 .text.NVIC_EnableIRQ
                0x08007c40       0x30 ./Dave/Generated/USBD/usbd.o
 .text.NVIC_DisableIRQ
                0x08007c70       0x34 ./Dave/Generated/USBD/usbd.o
 .text.NVIC_ClearPendingIRQ
                0x08007ca4       0x34 ./Dave/Generated/USBD/usbd.o
 .text.NVIC_SetPriority
                0x08007cd8       0x54 ./Dave/Generated/USBD/usbd.o
 .text.NVIC_EncodePriority
                0x08007d2c       0x64 ./Dave/Generated/USBD/usbd.o
 .text.USBD_Init
                0x08007d90      0x124 ./Dave/Generated/USBD/usbd.o
                0x08007d90                USBD_Init
 .text.USBD_Connect
                0x08007eb4       0x18 ./Dave/Generated/USBD/usbd.o
                0x08007eb4                USBD_Connect
 .text.USBD_SetEndpointBuffer
                0x08007ecc       0x78 ./Dave/Generated/USBD/usbd.o
                0x08007ecc                USBD_SetEndpointBuffer
 .text.USB0_0_IRQHandler
                0x08007f44       0x14 ./Dave/Generated/USBD/usbd.o
                0x08007f44                USB0_0_IRQHandler
 .text.USB_EnableUSBInterrupt
                0x08007f58       0x2c ./Dave/Generated/USBD/usbd.o
 .text.USB_DisableUSBInterrupt
                0x08007f84       0x14 ./Dave/Generated/USBD/usbd.o
 .text.USBD_HandleEP0_Stall
                0x08007f98       0x30 ./Dave/Generated/USBD/usbd.o
 .text.USBD_Handle_DeviceRequest
                0x08007fc8      0x4b8 ./Dave/Generated/USBD/usbd.o
 .text.USBD_HandleEP0_IN
                0x08008480       0x4c ./Dave/Generated/USBD/usbd.o
 .text.USBD_HandleEP0_OUT
                0x080084cc       0x54 ./Dave/Generated/USBD/usbd.o
 .text.USBD_HandleEP0_SETUP
                0x08008520       0x98 ./Dave/Generated/USBD/usbd.o
 .text.USBD_SignalDeviceEventHandler
                0x080085b8      0x25c ./Dave/Generated/USBD/usbd.o
 .text.USBD_SignalEndpointEvent_Handler
                0x08008814      0x1a0 ./Dave/Generated/USBD/usbd.o
 .text.UART_Init
                0x080089b4       0x24 ./Dave/Generated/UART/uart.o
                0x080089b4                UART_Init
 .text.XMC_USIC_CH_SetInputSource
                0x080089d8       0x3c ./Dave/Generated/UART/uart_conf.o
 .text.XMC_USIC_CH_RXFIFO_EnableEvent
                0x08008a14       0x24 ./Dave/Generated/UART/uart_conf.o
 .text.XMC_UART_CH_Start
                0x08008a38       0x24 ./Dave/Generated/UART/uart_conf.o
 .text.Bluetooth_Handle_init
                0x08008a5c       0x84 ./Dave/Generated/UART/uart_conf.o
                0x08008a5c                Bluetooth_Handle_init
 .text.RemoteControl_Handle_init
                0x08008ae0       0x84 ./Dave/Generated/UART/uart_conf.o
                0x08008ae0                RemoteControl_Handle_init
 .text.XMC_CCU4_EnableClock
                0x08008b64       0x28 ./Dave/Generated/TIMER/timer.o
 .text.XMC_CCU4_SLICE_StartTimer
                0x08008b8c       0x18 ./Dave/Generated/TIMER/timer.o
 .text.XMC_CCU4_SLICE_ClearTimer
                0x08008ba4       0x20 ./Dave/Generated/TIMER/timer.o
 .text.XMC_CCU4_SLICE_SetTimerPeriodMatch
                0x08008bc4       0x1c ./Dave/Generated/TIMER/timer.o
 .text.XMC_CCU4_SLICE_SetTimerCompareMatch
                0x08008be0       0x1c ./Dave/Generated/TIMER/timer.o
 .text.XMC_CCU4_EnableShadowTransfer
                0x08008bfc       0x1c ./Dave/Generated/TIMER/timer.o
 .text.XMC_CCU4_SLICE_EnableEvent
                0x08008c18       0x2c ./Dave/Generated/TIMER/timer.o
 .text.TIMER_Init
                0x08008c44       0x3c ./Dave/Generated/TIMER/timer.o
                0x08008c44                TIMER_Init
 .text.TIMER_Start
                0x08008c80       0x3c ./Dave/Generated/TIMER/timer.o
                0x08008c80                TIMER_Start
 .text.TIMER_CCU4_lInit
                0x08008cbc       0x98 ./Dave/Generated/TIMER/timer.o
                0x08008cbc                TIMER_CCU4_lInit
 .text.TIMER_CCU4_lShadowTransfer
                0x08008d54       0x3c ./Dave/Generated/TIMER/timer.o
                0x08008d54                TIMER_CCU4_lShadowTransfer
 .text.NVIC_GetPriorityGrouping
                0x08008d90       0x1c ./Dave/Generated/SYSTIMER/systimer.o
 .text.NVIC_SetPriority
                0x08008dac       0x54 ./Dave/Generated/SYSTIMER/systimer.o
 .text.NVIC_EncodePriority
                0x08008e00       0x64 ./Dave/Generated/SYSTIMER/systimer.o
 .text.SysTick_Config
                0x08008e64       0x44 ./Dave/Generated/SYSTIMER/systimer.o
 .text.SYSTIMER_lInsertTimerList
                0x08008ea8      0x1c4 ./Dave/Generated/SYSTIMER/systimer.o
 .text.SYSTIMER_lRemoveTimerList
                0x0800906c       0xc0 ./Dave/Generated/SYSTIMER/systimer.o
 .text.SYSTIMER_lTimerHandler
                0x0800912c       0xbc ./Dave/Generated/SYSTIMER/systimer.o
 .text.SysTick_Handler
                0x080091e8       0x48 ./Dave/Generated/SYSTIMER/systimer.o
                0x080091e8                SysTick_Handler
 .text.SYSTIMER_Init
                0x08009230       0x74 ./Dave/Generated/SYSTIMER/systimer.o
                0x08009230                SYSTIMER_Init
 .text.SYSTIMER_CreateTimer
                0x080092a4      0x13c ./Dave/Generated/SYSTIMER/systimer.o
                0x080092a4                SYSTIMER_CreateTimer
 .text.SYSTIMER_StartTimer
                0x080093e0       0x80 ./Dave/Generated/SYSTIMER/systimer.o
                0x080093e0                SYSTIMER_StartTimer
 .text.XMC_CCU4_EnableClock
                0x08009460       0x28 ./Dave/Generated/PWM_CCU4/pwm_ccu4.o
 .text.XMC_CCU4_SLICE_EnableTrap
                0x08009488       0x20 ./Dave/Generated/PWM_CCU4/pwm_ccu4.o
 .text.XMC_CCU4_SLICE_StartTimer
                0x080094a8       0x18 ./Dave/Generated/PWM_CCU4/pwm_ccu4.o
 .text.XMC_CCU4_SLICE_SetTimerPeriodMatch
                0x080094c0       0x1c ./Dave/Generated/PWM_CCU4/pwm_ccu4.o
 .text.XMC_CCU4_SLICE_GetTimerPeriodMatch
                0x080094dc       0x1c ./Dave/Generated/PWM_CCU4/pwm_ccu4.o
 .text.XMC_CCU4_SLICE_SetTimerCompareMatch
                0x080094f8       0x1c ./Dave/Generated/PWM_CCU4/pwm_ccu4.o
 .text.XMC_CCU4_EnableShadowTransfer
                0x08009514       0x1c ./Dave/Generated/PWM_CCU4/pwm_ccu4.o
 .text.XMC_CCU4_SLICE_EnableEvent
                0x08009530       0x2c ./Dave/Generated/PWM_CCU4/pwm_ccu4.o
 .text.PWM_CCU4_Init
                0x0800955c      0x140 ./Dave/Generated/PWM_CCU4/pwm_ccu4.o
                0x0800955c                PWM_CCU4_Init
 .text.PWM_CCU4_lInit_Interrupt
                0x0800969c      0x134 ./Dave/Generated/PWM_CCU4/pwm_ccu4.o
 .text.PWM_CCU4_lConfigure_Events
                0x080097d0      0x1c8 ./Dave/Generated/PWM_CCU4/pwm_ccu4.o
 .text.PWM_CCU4_Start
                0x08009998       0x58 ./Dave/Generated/PWM_CCU4/pwm_ccu4.o
                0x08009998                PWM_CCU4_Start
 .text.PWM_CCU4_SetDutyCycle
                0x080099f0       0x80 ./Dave/Generated/PWM_CCU4/pwm_ccu4.o
                0x080099f0                PWM_CCU4_SetDutyCycle
 .text.NVIC_GetPriorityGrouping
                0x08009a70       0x1c ./Dave/Generated/INTERRUPT/interrupt.o
 .text.NVIC_EnableIRQ
                0x08009a8c       0x30 ./Dave/Generated/INTERRUPT/interrupt.o
 .text.NVIC_SetPriority
                0x08009abc       0x54 ./Dave/Generated/INTERRUPT/interrupt.o
 .text.NVIC_EncodePriority
                0x08009b10       0x64 ./Dave/Generated/INTERRUPT/interrupt.o
 .text.INTERRUPT_Enable
                0x08009b74       0x1c ./Dave/Generated/INTERRUPT/interrupt.o
 .text.INTERRUPT_Init
                0x08009b90       0x4c ./Dave/Generated/INTERRUPT/interrupt.o
                0x08009b90                INTERRUPT_Init
 .text.XMC_CCU4_StartPrescaler
                0x08009bdc       0x20 ./Dave/Generated/GLOBAL_CCU4/global_ccu4.o
 .text.GLOBAL_CCU4_Init
                0x08009bfc       0x40 ./Dave/Generated/GLOBAL_CCU4/global_ccu4.o
                0x08009bfc                GLOBAL_CCU4_Init
 .text.XMC_VADC_GLOBAL_DisablePostCalibration
                0x08009c3c       0x2c ./Dave/Generated/GLOBAL_ADC/global_adc.o
 .text.GLOBAL_ADC_Init
                0x08009c68       0xb0 ./Dave/Generated/GLOBAL_ADC/global_adc.o
                0x08009c68                GLOBAL_ADC_Init
 .text.EVENT_GENERATOR_Init
                0x08009d18       0x48 ./Dave/Generated/EVENT_GENERATOR/event_generator.o
                0x08009d18                EVENT_GENERATOR_Init
 .text.EVENT_DETECTOR_Init
                0x08009d60       0x3c ./Dave/Generated/EVENT_DETECTOR/event_detector.o
                0x08009d60                EVENT_DETECTOR_Init
 .text.DIGITAL_IO_Init
                0x08009d9c       0x40 ./Dave/Generated/DIGITAL_IO/digital_io.o
                0x08009d9c                DIGITAL_IO_Init
 .text.NVIC_SetPriorityGrouping
                0x08009ddc       0x48 ./Dave/Generated/CPU_CTRL_XMC4/cpu_ctrl_xmc4_conf.o
 .text.SystemCoreSetup
                0x08009e24       0xa0 ./Dave/Generated/CPU_CTRL_XMC4/cpu_ctrl_xmc4_conf.o
                0x08009e24                SystemCoreSetup
 .text.CLOCK_XMC4_Init
                0x08009ec4       0x20 ./Dave/Generated/CLOCK_XMC4/clock_xmc4.o
                0x08009ec4                CLOCK_XMC4_Init
 .text.OSCHP_GetFrequency
                0x08009ee4       0x14 ./Dave/Generated/CLOCK_XMC4/clock_xmc4.o
                0x08009ee4                OSCHP_GetFrequency
 .text.SystemCoreClockSetup
                0x08009ef8       0x54 ./Dave/Generated/CLOCK_XMC4/clock_xmc4_conf.o
                0x08009ef8                SystemCoreClockSetup
 .text.NVIC_GetPriorityGrouping
                0x08009f4c       0x1c ./Dave/Generated/ADC_MEASUREMENT/adc_measurement.o
 .text.NVIC_EnableIRQ
                0x08009f68       0x30 ./Dave/Generated/ADC_MEASUREMENT/adc_measurement.o
 .text.NVIC_SetPriority
                0x08009f98       0x54 ./Dave/Generated/ADC_MEASUREMENT/adc_measurement.o
 .text.NVIC_EncodePriority
                0x08009fec       0x64 ./Dave/Generated/ADC_MEASUREMENT/adc_measurement.o
 .text.XMC_VADC_GLOBAL_BackgroundTriggerConversion
                0x0800a050       0x24 ./Dave/Generated/ADC_MEASUREMENT/adc_measurement.o
 .text.XMC_VADC_GLOBAL_BackgroundAddChannelToSequence
                0x0800a074       0x38 ./Dave/Generated/ADC_MEASUREMENT/adc_measurement.o
 .text.XMC_VADC_GROUP_ResultInit
                0x0800a0ac       0x24 ./Dave/Generated/ADC_MEASUREMENT/adc_measurement.o
 .text.XMC_VADC_GROUP_GetResult
                0x0800a0d0       0x24 ./Dave/Generated/ADC_MEASUREMENT/adc_measurement.o
 .text.ADC_MEASUREMENT_Init
                0x0800a0f4      0x150 ./Dave/Generated/ADC_MEASUREMENT/adc_measurement.o
                0x0800a0f4                ADC_MEASUREMENT_Init
 .text.ADC_MEASUREMENT_GetResult
                0x0800a244       0x30 ./Dave/Generated/ADC_MEASUREMENT/adc_measurement.o
                0x0800a244                ADC_MEASUREMENT_GetResult
 .text.DAVE_Init
                0x0800a274      0x240 ./Dave/Generated/DAVE.o
                0x0800a274                DAVE_Init
 .text.main     0x0800a4b4        0xc ./main.o
                0x0800a4b4                main
 .text.asinf    0x0800a4c0       0xa4 c:/davev4/dave-4.3.2/eclipse/arm-gcc-49/bin/../lib/gcc/arm-none-eabi/4.9.3/../../../../arm-none-eabi/lib/armv7e-m/softfp\libm.a(lib_a-wf_asin.o)
                0x0800a4c0                asinf
 .text.atan2f   0x0800a564        0x4 c:/davev4/dave-4.3.2/eclipse/arm-gcc-49/bin/../lib/gcc/arm-none-eabi/4.9.3/../../../../arm-none-eabi/lib/armv7e-m/softfp\libm.a(lib_a-wf_atan2.o)
                0x0800a564                atan2f
 .text.powf     0x0800a568      0x328 c:/davev4/dave-4.3.2/eclipse/arm-gcc-49/bin/../lib/gcc/arm-none-eabi/4.9.3/../../../../arm-none-eabi/lib/armv7e-m/softfp\libm.a(lib_a-wf_pow.o)
                0x0800a568                powf
 .text.sqrtf    0x0800a890       0xb0 c:/davev4/dave-4.3.2/eclipse/arm-gcc-49/bin/../lib/gcc/arm-none-eabi/4.9.3/../../../../arm-none-eabi/lib/armv7e-m/softfp\libm.a(lib_a-wf_sqrt.o)
                0x0800a890                sqrtf
 .text.__ieee754_asinf
                0x0800a940      0x214 c:/davev4/dave-4.3.2/eclipse/arm-gcc-49/bin/../lib/gcc/arm-none-eabi/4.9.3/../../../../arm-none-eabi/lib/armv7e-m/softfp\libm.a(lib_a-ef_asin.o)
                0x0800a940                __ieee754_asinf
 .text.__ieee754_atan2f
                0x0800ab54      0x17c c:/davev4/dave-4.3.2/eclipse/arm-gcc-49/bin/../lib/gcc/arm-none-eabi/4.9.3/../../../../arm-none-eabi/lib/armv7e-m/softfp\libm.a(lib_a-ef_atan2.o)
                0x0800ab54                __ieee754_atan2f
 .text.__ieee754_powf
                0x0800acd0      0x60c c:/davev4/dave-4.3.2/eclipse/arm-gcc-49/bin/../lib/gcc/arm-none-eabi/4.9.3/../../../../arm-none-eabi/lib/armv7e-m/softfp\libm.a(lib_a-ef_pow.o)
                0x0800acd0                __ieee754_powf
 .text.__ieee754_sqrtf
                0x0800b2dc       0xac c:/davev4/dave-4.3.2/eclipse/arm-gcc-49/bin/../lib/gcc/arm-none-eabi/4.9.3/../../../../arm-none-eabi/lib/armv7e-m/softfp\libm.a(lib_a-ef_sqrt.o)
                0x0800b2dc                __ieee754_sqrtf
 .text.matherr  0x0800b388        0x4 c:/davev4/dave-4.3.2/eclipse/arm-gcc-49/bin/../lib/gcc/arm-none-eabi/4.9.3/../../../../arm-none-eabi/lib/armv7e-m/softfp\libm.a(lib_a-s_matherr.o)
                0x0800b388                matherr
 .text.nan      0x0800b38c        0xc c:/davev4/dave-4.3.2/eclipse/arm-gcc-49/bin/../lib/gcc/arm-none-eabi/4.9.3/../../../../arm-none-eabi/lib/armv7e-m/softfp\libm.a(lib_a-s_nan.o)
                0x0800b38c                nan
 .text.rint     0x0800b398      0x118 c:/davev4/dave-4.3.2/eclipse/arm-gcc-49/bin/../lib/gcc/arm-none-eabi/4.9.3/../../../../arm-none-eabi/lib/armv7e-m/softfp\libm.a(lib_a-s_rint.o)
                0x0800b398                rint
 .text.atanf    0x0800b4b0      0x1bc c:/davev4/dave-4.3.2/eclipse/arm-gcc-49/bin/../lib/gcc/arm-none-eabi/4.9.3/../../../../arm-none-eabi/lib/armv7e-m/softfp\libm.a(lib_a-sf_atan.o)
                0x0800b4b0                atanf
 .text.fabsf    0x0800b66c        0x8 c:/davev4/dave-4.3.2/eclipse/arm-gcc-49/bin/../lib/gcc/arm-none-eabi/4.9.3/../../../../arm-none-eabi/lib/armv7e-m/softfp\libm.a(lib_a-sf_fabs.o)
                0x0800b66c                fabsf
 .text.finitef  0x0800b674       0x10 c:/davev4/dave-4.3.2/eclipse/arm-gcc-49/bin/../lib/gcc/arm-none-eabi/4.9.3/../../../../arm-none-eabi/lib/armv7e-m/softfp\libm.a(lib_a-sf_finite.o)
                0x0800b674                finitef
 .text.__fpclassifyf
                0x0800b684       0x34 c:/davev4/dave-4.3.2/eclipse/arm-gcc-49/bin/../lib/gcc/arm-none-eabi/4.9.3/../../../../arm-none-eabi/lib/armv7e-m/softfp\libm.a(lib_a-sf_fpclassify.o)
                0x0800b684                __fpclassifyf
 .text.nanf     0x0800b6b8        0x8 c:/davev4/dave-4.3.2/eclipse/arm-gcc-49/bin/../lib/gcc/arm-none-eabi/4.9.3/../../../../arm-none-eabi/lib/armv7e-m/softfp\libm.a(lib_a-sf_nan.o)
                0x0800b6b8                nanf
 .text.scalbnf  0x0800b6c0      0x100 c:/davev4/dave-4.3.2/eclipse/arm-gcc-49/bin/../lib/gcc/arm-none-eabi/4.9.3/../../../../arm-none-eabi/lib/armv7e-m/softfp\libm.a(lib_a-sf_scalbn.o)
                0x0800b6c0                scalbnf
 .text.copysignf
                0x0800b7c0        0xc c:/davev4/dave-4.3.2/eclipse/arm-gcc-49/bin/../lib/gcc/arm-none-eabi/4.9.3/../../../../arm-none-eabi/lib/armv7e-m/softfp\libm.a(lib_a-sf_copysign.o)
                0x0800b7c0                copysignf
 .text          0x0800b7cc      0x370 c:/davev4/dave-4.3.2/eclipse/arm-gcc-49/bin/../lib/gcc/arm-none-eabi/4.9.3/armv7e-m/softfp\libgcc.a(_arm_addsubdf3.o)
                0x0800b7cc                __aeabi_drsub
                0x0800b7d4                __aeabi_dsub
                0x0800b7d4                __subdf3
                0x0800b7d8                __aeabi_dadd
                0x0800b7d8                __adddf3
                0x0800ba50                __floatunsidf
                0x0800ba50                __aeabi_ui2d
                0x0800ba70                __floatsidf
                0x0800ba70                __aeabi_i2d
                0x0800ba94                __aeabi_f2d
                0x0800ba94                __extendsfdf2
                0x0800bad0                __floatundidf
                0x0800bad0                __aeabi_ul2d
                0x0800bae0                __floatdidf
                0x0800bae0                __aeabi_l2d
 .text          0x0800bb3c      0x424 c:/davev4/dave-4.3.2/eclipse/arm-gcc-49/bin/../lib/gcc/arm-none-eabi/4.9.3/armv7e-m/softfp\libgcc.a(_arm_muldivdf3.o)
                0x0800bb3c                __aeabi_dmul
                0x0800bb3c                __muldf3
                0x0800bd90                __divdf3
                0x0800bd90                __aeabi_ddiv
 .text          0x0800bf60      0x110 c:/davev4/dave-4.3.2/eclipse/arm-gcc-49/bin/../lib/gcc/arm-none-eabi/4.9.3/armv7e-m/softfp\libgcc.a(_arm_cmpdf2.o)
                0x0800bf60                __gtdf2
                0x0800bf60                __gedf2
                0x0800bf68                __ltdf2
                0x0800bf68                __ledf2
                0x0800bf70                __nedf2
                0x0800bf70                __eqdf2
                0x0800bf70                __cmpdf2
                0x0800bfec                __aeabi_cdrcmple
                0x0800bffc                __aeabi_cdcmpeq
                0x0800bffc                __aeabi_cdcmple
                0x0800c00c                __aeabi_dcmpeq
                0x0800c020                __aeabi_dcmplt
                0x0800c034                __aeabi_dcmple
                0x0800c048                __aeabi_dcmpge
                0x0800c05c                __aeabi_dcmpgt
 .text          0x0800c070       0x50 c:/davev4/dave-4.3.2/eclipse/arm-gcc-49/bin/../lib/gcc/arm-none-eabi/4.9.3/armv7e-m/softfp\libgcc.a(_arm_fixdfsi.o)
                0x0800c070                __aeabi_d2iz
                0x0800c070                __fixdfsi
 .text          0x0800c0c0       0xa0 c:/davev4/dave-4.3.2/eclipse/arm-gcc-49/bin/../lib/gcc/arm-none-eabi/4.9.3/armv7e-m/softfp\libgcc.a(_arm_truncdfsf2.o)
                0x0800c0c0                __truncdfsf2
                0x0800c0c0                __aeabi_d2f
 .text.__errno  0x0800c160        0xc c:/davev4/dave-4.3.2/eclipse/arm-gcc-49/bin/../lib/gcc/arm-none-eabi/4.9.3/../../../../arm-none-eabi/lib/armv7e-m/softfp\libg_nano.a(lib_a-errno.o)
                0x0800c160                __errno
 .text.__libc_init_array
                0x0800c16c       0x4c c:/davev4/dave-4.3.2/eclipse/arm-gcc-49/bin/../lib/gcc/arm-none-eabi/4.9.3/../../../../arm-none-eabi/lib/armv7e-m/softfp\libg_nano.a(lib_a-init.o)
                0x0800c16c                __libc_init_array
 .text.malloc   0x0800c1b8       0x10 c:/davev4/dave-4.3.2/eclipse/arm-gcc-49/bin/../lib/gcc/arm-none-eabi/4.9.3/../../../../arm-none-eabi/lib/armv7e-m/softfp\libg_nano.a(lib_a-malloc.o)
                0x0800c1b8                malloc
 .text.memcpy   0x0800c1c8       0x16 c:/davev4/dave-4.3.2/eclipse/arm-gcc-49/bin/../lib/gcc/arm-none-eabi/4.9.3/../../../../arm-none-eabi/lib/armv7e-m/softfp\libg_nano.a(lib_a-memcpy.o)
                0x0800c1c8                memcpy
 .text.memset   0x0800c1de       0x10 c:/davev4/dave-4.3.2/eclipse/arm-gcc-49/bin/../lib/gcc/arm-none-eabi/4.9.3/../../../../arm-none-eabi/lib/armv7e-m/softfp\libg_nano.a(lib_a-memset.o)
                0x0800c1de                memset
 *fill*         0x0800c1ee        0x2 
 .text._malloc_r
                0x0800c1f0       0xac c:/davev4/dave-4.3.2/eclipse/arm-gcc-49/bin/../lib/gcc/arm-none-eabi/4.9.3/../../../../arm-none-eabi/lib/armv7e-m/softfp\libg_nano.a(lib_a-nano-mallocr.o)
                0x0800c1f0                _malloc_r
 .text.__cvt    0x0800c29c       0xc0 c:/davev4/dave-4.3.2/eclipse/arm-gcc-49/bin/../lib/gcc/arm-none-eabi/4.9.3/../../../../arm-none-eabi/lib/armv7e-m/softfp\libg_nano.a(lib_a-nano-vfprintf_float.o)
                0x0800c29c                __cvt
 .text.__exponent
                0x0800c35c       0x60 c:/davev4/dave-4.3.2/eclipse/arm-gcc-49/bin/../lib/gcc/arm-none-eabi/4.9.3/../../../../arm-none-eabi/lib/armv7e-m/softfp\libg_nano.a(lib_a-nano-vfprintf_float.o)
                0x0800c35c                __exponent
 .text._printf_float
                0x0800c3bc      0x488 c:/davev4/dave-4.3.2/eclipse/arm-gcc-49/bin/../lib/gcc/arm-none-eabi/4.9.3/../../../../arm-none-eabi/lib/armv7e-m/softfp\libg_nano.a(lib_a-nano-vfprintf_float.o)
                0x0800c3bc                _printf_float
 .text._printf_common
                0x0800c844       0xea c:/davev4/dave-4.3.2/eclipse/arm-gcc-49/bin/../lib/gcc/arm-none-eabi/4.9.3/../../../../arm-none-eabi/lib/armv7e-m/softfp\libg_nano.a(lib_a-nano-vfprintf_i.o)
                0x0800c844                _printf_common
 *fill*         0x0800c92e        0x2 
 .text.__fpclassifyd
                0x0800c930       0x54 c:/davev4/dave-4.3.2/eclipse/arm-gcc-49/bin/../lib/gcc/arm-none-eabi/4.9.3/../../../../arm-none-eabi/lib/armv7e-m/softfp\libg_nano.a(lib_a-s_fpclassify.o)
                0x0800c930                __fpclassifyd
 .text._sbrk_r  0x0800c984       0x20 c:/davev4/dave-4.3.2/eclipse/arm-gcc-49/bin/../lib/gcc/arm-none-eabi/4.9.3/../../../../arm-none-eabi/lib/armv7e-m/softfp\libg_nano.a(lib_a-sbrkr.o)
                0x0800c984                _sbrk_r
 .text.strlen   0x0800c9a4       0x10 c:/davev4/dave-4.3.2/eclipse/arm-gcc-49/bin/../lib/gcc/arm-none-eabi/4.9.3/../../../../arm-none-eabi/lib/armv7e-m/softfp\libg_nano.a(lib_a-strlen.o)
                0x0800c9a4                strlen
 .text.quorem   0x0800c9b4      0x11a c:/davev4/dave-4.3.2/eclipse/arm-gcc-49/bin/../lib/gcc/arm-none-eabi/4.9.3/../../../../arm-none-eabi/lib/armv7e-m/softfp\libg_nano.a(lib_a-dtoa.o)
 *fill*         0x0800cace        0x2 
 .text._dtoa_r  0x0800cad0      0xb88 c:/davev4/dave-4.3.2/eclipse/arm-gcc-49/bin/../lib/gcc/arm-none-eabi/4.9.3/../../../../arm-none-eabi/lib/armv7e-m/softfp\libg_nano.a(lib_a-dtoa.o)
                0x0800cad0                _dtoa_r
 .text._localeconv_r
                0x0800d658        0x8 c:/davev4/dave-4.3.2/eclipse/arm-gcc-49/bin/../lib/gcc/arm-none-eabi/4.9.3/../../../../arm-none-eabi/lib/armv7e-m/softfp\libg_nano.a(lib_a-locale.o)
                0x0800d658                _localeconv_r
 .text._Balloc  0x0800d660       0x6a c:/davev4/dave-4.3.2/eclipse/arm-gcc-49/bin/../lib/gcc/arm-none-eabi/4.9.3/../../../../arm-none-eabi/lib/armv7e-m/softfp\libg_nano.a(lib_a-mprec.o)
                0x0800d660                _Balloc
 .text._Bfree   0x0800d6ca       0x2e c:/davev4/dave-4.3.2/eclipse/arm-gcc-49/bin/../lib/gcc/arm-none-eabi/4.9.3/../../../../arm-none-eabi/lib/armv7e-m/softfp\libg_nano.a(lib_a-mprec.o)
                0x0800d6ca                _Bfree
 .text.__multadd
                0x0800d6f8       0x7c c:/davev4/dave-4.3.2/eclipse/arm-gcc-49/bin/../lib/gcc/arm-none-eabi/4.9.3/../../../../arm-none-eabi/lib/armv7e-m/softfp\libg_nano.a(lib_a-mprec.o)
                0x0800d6f8                __multadd
 .text.__hi0bits
                0x0800d774       0x40 c:/davev4/dave-4.3.2/eclipse/arm-gcc-49/bin/../lib/gcc/arm-none-eabi/4.9.3/../../../../arm-none-eabi/lib/armv7e-m/softfp\libg_nano.a(lib_a-mprec.o)
                0x0800d774                __hi0bits
 .text.__lo0bits
                0x0800d7b4       0x5a c:/davev4/dave-4.3.2/eclipse/arm-gcc-49/bin/../lib/gcc/arm-none-eabi/4.9.3/../../../../arm-none-eabi/lib/armv7e-m/softfp\libg_nano.a(lib_a-mprec.o)
                0x0800d7b4                __lo0bits
 .text.__i2b    0x0800d80e       0x12 c:/davev4/dave-4.3.2/eclipse/arm-gcc-49/bin/../lib/gcc/arm-none-eabi/4.9.3/../../../../arm-none-eabi/lib/armv7e-m/softfp\libg_nano.a(lib_a-mprec.o)
                0x0800d80e                __i2b
 .text.__multiply
                0x0800d820      0x122 c:/davev4/dave-4.3.2/eclipse/arm-gcc-49/bin/../lib/gcc/arm-none-eabi/4.9.3/../../../../arm-none-eabi/lib/armv7e-m/softfp\libg_nano.a(lib_a-mprec.o)
                0x0800d820                __multiply
 *fill*         0x0800d942        0x2 
 .text.__pow5mult
                0x0800d944       0x9c c:/davev4/dave-4.3.2/eclipse/arm-gcc-49/bin/../lib/gcc/arm-none-eabi/4.9.3/../../../../arm-none-eabi/lib/armv7e-m/softfp\libg_nano.a(lib_a-mprec.o)
                0x0800d944                __pow5mult
 .text.__lshift
                0x0800d9e0       0xa6 c:/davev4/dave-4.3.2/eclipse/arm-gcc-49/bin/../lib/gcc/arm-none-eabi/4.9.3/../../../../arm-none-eabi/lib/armv7e-m/softfp\libg_nano.a(lib_a-mprec.o)
                0x0800d9e0                __lshift
 .text.__mcmp   0x0800da86       0x38 c:/davev4/dave-4.3.2/eclipse/arm-gcc-49/bin/../lib/gcc/arm-none-eabi/4.9.3/../../../../arm-none-eabi/lib/armv7e-m/softfp\libg_nano.a(lib_a-mprec.o)
                0x0800da86                __mcmp
 .text.__mdiff  0x0800dabe       0xbe c:/davev4/dave-4.3.2/eclipse/arm-gcc-49/bin/../lib/gcc/arm-none-eabi/4.9.3/../../../../arm-none-eabi/lib/armv7e-m/softfp\libg_nano.a(lib_a-mprec.o)
                0x0800dabe                __mdiff
 .text.__d2b    0x0800db7c       0xa4 c:/davev4/dave-4.3.2/eclipse/arm-gcc-49/bin/../lib/gcc/arm-none-eabi/4.9.3/../../../../arm-none-eabi/lib/armv7e-m/softfp\libg_nano.a(lib_a-mprec.o)
                0x0800db7c                __d2b
 .text._calloc_r
                0x0800dc20       0x1c c:/davev4/dave-4.3.2/eclipse/arm-gcc-49/bin/../lib/gcc/arm-none-eabi/4.9.3/../../../../arm-none-eabi/lib/armv7e-m/softfp\libg_nano.a(lib_a-nano-callocr.o)
                0x0800dc20                _calloc_r
 *(.init)
 *(.fini)
 *crtbegin.o(.ctors)
 *crtbegin?.o(.ctors)
 *(EXCLUDE_FILE(*crtend.o *crtend?.o) .ctors)
 *(SORT(.ctors.*))
 *(.ctors)
 *crtbegin.o(.dtors)
 *crtbegin?.o(.dtors)
 *(EXCLUDE_FILE(*crtend.o *crtend?.o) .dtors)
 *(SORT(.dtors.*))
 *(.dtors)
 *(.rodata .rodata.*)
 .rodata.Driver_USBD0
                0x0800dc3c       0x40 ./Libraries/XMCLib/src/xmc_usbd.o
                0x0800dc3c                Driver_USBD0
 .rodata.g_xmc_vadc_group_array
                0x0800dc7c       0x10 ./Libraries/XMCLib/src/xmc_vadc.o
 .rodata.device_descriptor
                0x0800dc8c       0x14 ./Dave/Generated/USBD_VCOM/virtual_com/descriptors.o
                0x0800dc8c                device_descriptor
 .rodata.configuration_descriptor
                0x0800dca0       0x40 ./Dave/Generated/USBD_VCOM/virtual_com/descriptors.o
                0x0800dca0                configuration_descriptor
 .rodata.language_string
                0x0800dce0       0x68 ./Dave/Generated/USBD_VCOM/virtual_com/descriptors.o
                0x0800dce0                language_string
 .rodata.manufacturer_string
                0x0800dd48       0x68 ./Dave/Generated/USBD_VCOM/virtual_com/descriptors.o
                0x0800dd48                manufacturer_string
 .rodata.product_string
                0x0800ddb0       0x68 ./Dave/Generated/USBD_VCOM/virtual_com/descriptors.o
                0x0800ddb0                product_string
 .rodata.Bluetooth_Handle_channel_config
                0x0800de18        0xc ./Dave/Generated/UART/uart_conf.o
                0x0800de18                Bluetooth_Handle_channel_config
 .rodata.Bluetooth_Handle_tx_pin_config
                0x0800de24        0xc ./Dave/Generated/UART/uart_conf.o
                0x0800de24                Bluetooth_Handle_tx_pin_config
 .rodata.Bluetooth_Handle_tx_pin
                0x0800de30        0xc ./Dave/Generated/UART/uart_conf.o
                0x0800de30                Bluetooth_Handle_tx_pin
 .rodata.Bluetooth_Handle_config